Archive member included to satisfy reference by file (symbol)

app/libapp.a(main.c.obj)      (--whole-archive)
zephyr/libzephyr.a(heap.c.obj)
                              (--whole-archive)
zephyr/libzephyr.a(cbprintf_packaged.c.obj)
                              (--whole-archive)
zephyr/libzephyr.a(printk.c.obj)
                              (--whole-archive)
zephyr/libzephyr.a(sem.c.obj)
                              (--whole-archive)
zephyr/libzephyr.a(thread_entry.c.obj)
                              (--whole-archive)
zephyr/libzephyr.a(cbprintf_complete.c.obj)
                              (--whole-archive)
zephyr/libzephyr.a(assert.c.obj)
                              (--whole-archive)
zephyr/libzephyr.a(mpsc_pbuf.c.obj)
                              (--whole-archive)
zephyr/libzephyr.a(dec.c.obj)
                              (--whole-archive)
zephyr/libzephyr.a(hex.c.obj)
                              (--whole-archive)
zephyr/libzephyr.a(rb.c.obj)  (--whole-archive)
zephyr/libzephyr.a(timeutil.c.obj)
                              (--whole-archive)
zephyr/libzephyr.a(bitarray.c.obj)
                              (--whole-archive)
zephyr/libzephyr.a(onoff.c.obj)
                              (--whole-archive)
zephyr/libzephyr.a(notify.c.obj)
                              (--whole-archive)
zephyr/libzephyr.a(last_section_id.c.obj)
                              (--whole-archive)
zephyr/libzephyr.a(configs.c.obj)
                              (--whole-archive)
zephyr/libzephyr.a(log_core.c.obj)
                              (--whole-archive)
zephyr/libzephyr.a(log_mgmt.c.obj)
                              (--whole-archive)
zephyr/libzephyr.a(log_cache.c.obj)
                              (--whole-archive)
zephyr/libzephyr.a(log_msg.c.obj)
                              (--whole-archive)
zephyr/libzephyr.a(log_output.c.obj)
                              (--whole-archive)
zephyr/libzephyr.a(log_backend_rtt.c.obj)
                              (--whole-archive)
zephyr/libzephyr.a(log_backend_uart.c.obj)
                              (--whole-archive)
zephyr/libzephyr.a(mem_attr.c.obj)
                              (--whole-archive)
zephyr/libzephyr.a(tracing_none.c.obj)
                              (--whole-archive)
zephyr/libzephyr.a(banner.c.obj)
                              (--whole-archive)
zephyr/libzephyr.a(flash_map_partition_manager.c.obj)
                              (--whole-archive)
zephyr/arch/common/libarch__common.a(sw_isr_common.c.obj)
                              (--whole-archive)
zephyr/arch/arch/arm/core/libarch__arm__core.a(fatal.c.obj)
                              (--whole-archive)
zephyr/arch/arch/arm/core/libarch__arm__core.a(nmi.c.obj)
                              (--whole-archive)
zephyr/arch/arch/arm/core/libarch__arm__core.a(nmi_on_reset.S.obj)
                              (--whole-archive)
zephyr/arch/arch/arm/core/libarch__arm__core.a(tls.c.obj)
                              (--whole-archive)
zephyr/arch/arch/arm/core/cortex_m/libarch__arm__core__cortex_m.a(exc_exit.c.obj)
                              (--whole-archive)
zephyr/arch/arch/arm/core/cortex_m/libarch__arm__core__cortex_m.a(fault.c.obj)
                              (--whole-archive)
zephyr/arch/arch/arm/core/cortex_m/libarch__arm__core__cortex_m.a(fault_s.S.obj)
                              (--whole-archive)
zephyr/arch/arch/arm/core/cortex_m/libarch__arm__core__cortex_m.a(fpu.c.obj)
                              (--whole-archive)
zephyr/arch/arch/arm/core/cortex_m/libarch__arm__core__cortex_m.a(reset.S.obj)
                              (--whole-archive)
zephyr/arch/arch/arm/core/cortex_m/libarch__arm__core__cortex_m.a(scb.c.obj)
                              (--whole-archive)
zephyr/arch/arch/arm/core/cortex_m/libarch__arm__core__cortex_m.a(thread_abort.c.obj)
                              (--whole-archive)
zephyr/arch/arch/arm/core/cortex_m/libarch__arm__core__cortex_m.a(vector_table.S.obj)
                              (--whole-archive)
zephyr/arch/arch/arm/core/cortex_m/libarch__arm__core__cortex_m.a(swap_helper.S.obj)
                              (--whole-archive)
zephyr/arch/arch/arm/core/cortex_m/libarch__arm__core__cortex_m.a(irq_manage.c.obj)
                              (--whole-archive)
zephyr/arch/arch/arm/core/cortex_m/libarch__arm__core__cortex_m.a(prep_c.c.obj)
                              (--whole-archive)
zephyr/arch/arch/arm/core/cortex_m/libarch__arm__core__cortex_m.a(thread.c.obj)
                              (--whole-archive)
zephyr/arch/arch/arm/core/cortex_m/libarch__arm__core__cortex_m.a(cpu_idle.c.obj)
                              (--whole-archive)
zephyr/arch/arch/arm/core/cortex_m/libarch__arm__core__cortex_m.a(irq_init.c.obj)
                              (--whole-archive)
zephyr/arch/arch/arm/core/cortex_m/libarch__arm__core__cortex_m.a(isr_wrapper.c.obj)
                              (--whole-archive)
[...]
Memory Configuration

Name             Origin             Length             Attributes
FLASH            0x0000000000000000 0x0000000000080000 xr
RAM              0x0000000020000000 0x0000000000010000 xw
IDT_LIST         0x00000000ffff7fff 0x0000000000008000 xw
*default*        0x0000000000000000 0xffffffffffffffff

Linker script and memory map

                0x0000000000006450                vfprintf = __l_vfprintf
                0x0000000000000000                vfscanf = __l_vfscanf
LOAD zephyr/CMakeFiles/zephyr_final.dir/misc/empty_file.c.obj
LOAD zephyr/CMakeFiles/zephyr_final.dir/isr_tables.c.obj
LOAD zephyr/CMakeFiles/offsets.dir/./arch/arm/core/offsets/offsets.c.obj
LOAD app/libapp.a
LOAD zephyr/libzephyr.a
LOAD zephyr/arch/common/libarch__common.a
LOAD zephyr/arch/arch/arm/core/libarch__arm__core.a
LOAD zephyr/arch/arch/arm/core/cortex_m/libarch__arm__core__cortex_m.a
LOAD zephyr/arch/arch/arm/core/mpu/libarch__arm__core__mpu.a
LOAD zephyr/lib/libc/picolibc/liblib__libc__picolibc.a
LOAD zephyr/lib/libc/common/liblib__libc__common.a
LOAD zephyr/soc/soc/nrf52832/libsoc__nordic.a
LOAD zephyr/drivers/clock_control/libdrivers__clock_control.a
LOAD zephyr/drivers/console/libdrivers__console.a
LOAD zephyr/drivers/gpio/libdrivers__gpio.a
LOAD zephyr/drivers/pinctrl/libdrivers__pinctrl.a
LOAD zephyr/drivers/serial/libdrivers__serial.a
LOAD zephyr/drivers/spi/libdrivers__spi.a
LOAD zephyr/drivers/timer/libdrivers__timer.a
LOAD modules/hal_nordic/modules/hal_nordic/nrfx/libmodules__hal_nordic__nrfx.a
LOAD modules/segger/libmodules__segger.a
LOAD modules/zephyr-st25r/lib..__..__..__ncs-inter__l7__l7_e1_sol__app__modules__zephyr__zephyr-st25r__zephyr.a
LOAD modules/zephyr-st25r/st/rfal/lib..__..__..__ncs-inter__l7__l7_e1_sol__app__modules__zephyr__zephyr-st25r__zephyr__st__rfal.a
LOAD modules/zephyr-st25r/st/st25r3916/lib..__..__..__ncs-inter__l7__l7_e1_sol__app__modules__zephyr__zephyr-st25r__zephyr__st__st25r3916.a
LOAD zephyr/kernel/libkernel.a
LOAD zephyr/arch/common/libisr_tables.a
LOAD c:\ncs\toolchains\0b393f9e1b\opt\zephyr-sdk\arm-zephyr-eabi\bin\../lib/gcc/../../picolibc/arm-zephyr-eabi/lib/thumb/v7e-m/nofp\libc.a
LOAD c:/ncs/toolchains/0b393f9e1b/opt/zephyr-sdk/arm-zephyr-eabi/bin/../lib/gcc/arm-zephyr-eabi/12.2.0/thumb/v7e-m/nofp\libgcc.a
                0x0000000000000020                _region_min_align = 0x20

.rel.plt        0x0000000000000000        0x0
 *(SORT_BY_ALIGNMENT(.rel.plt))
                [!provide]                        PROVIDE (__rel_iplt_start = .)
 *(SORT_BY_ALIGNMENT(.rel.iplt))
 .rel.iplt      0x0000000000000000        0x0 zephyr/CMakeFiles/zephyr_final.dir/isr_tables.c.obj
                [!provide]                        PROVIDE (__rel_iplt_end = .)

.rela.plt       0x0000000000000000        0x0
 *(SORT_BY_ALIGNMENT(.rela.plt))
                [!provide]                        PROVIDE (__rela_iplt_start = .)
 *(SORT_BY_ALIGNMENT(.rela.iplt))
                [!provide]                        PROVIDE (__rela_iplt_end = .)

.rel.dyn
 *(SORT_BY_ALIGNMENT(.rel.*))

.rela.dyn
 *(SORT_BY_ALIGNMENT(.rela.*))

/DISCARD/
 *(SORT_BY_ALIGNMENT(.plt))

/DISCARD/
 *(SORT_BY_ALIGNMENT(.iplt))
                0x0000000000000000                __rom_region_start = 0x0

rom_start       0x0000000000000000       0xdc
                0x0000000000000000                __rom_start_address = .
 FILL mask 0x00
                0x0000000000000000                . = (. + (0x0 - (. - __rom_start_address)))
                0x0000000000000000                . = ALIGN (0x4)
                0x0000000000000000                . = ALIGN (0x80)
                0x0000000000000000                . = ALIGN (0x100)
                0x0000000000000000                _vector_start = .
 *(SORT_BY_ALIGNMENT(.exc_vector_table))
 *(SORT_BY_ALIGNMENT(.exc_vector_table.*))
 .exc_vector_table._vector_table_section
                0x0000000000000000       0x40 zephyr/arch/arch/arm/core/cortex_m/libarch__arm__core__cortex_m.a(vector_table.S.obj)
                0x0000000000000000                _vector_table
 *(SORT_BY_ALIGNMENT(.vectors))
                0x00000000000000dc                _vector_end = .
                0x0000000000000040                . = ALIGN (0x4)
 *(SORT_BY_ALIGNMENT(.gnu.linkonce.irq_vector_table*))
 .gnu.linkonce.irq_vector_table
                0x0000000000000040       0x9c zephyr/CMakeFiles/zephyr_final.dir/isr_tables.c.obj
                0x0000000000000040                _irq_vector_table
                0x00000000000000dc                _vector_end = .

text            0x00000000000000dc     0x7f64
                0x00000000000000dc                __text_region_start = .
 *(SORT_BY_ALIGNMENT(.text))
 .text          0x00000000000000dc       0x30 c:/ncs/toolchains/0b393f9e1b/opt/zephyr-sdk/arm-zephyr-eabi/bin/../lib/gcc/arm-zephyr-eabi/12.2.0/thumb/v7e-m/nofp\libgcc.a(_aeabi_uldivmod.o)
                0x00000000000000dc                __aeabi_uldivmod
 .text          0x000000000000010c        0x4 c:/ncs/toolchains/0b393f9e1b/opt/zephyr-sdk/arm-zephyr-eabi/bin/../lib/gcc/arm-zephyr-eabi/12.2.0/thumb/v7e-m/nofp\libgcc.a(_dvmd_tls.o)
                0x000000000000010c                __aeabi_idiv0
                0x000000000000010c                __aeabi_ldiv0
 .text          0x0000000000000110       0x10 c:\ncs\toolchains\0b393f9e1b\opt\zephyr-sdk\arm-zephyr-eabi\bin\../lib/gcc/../../picolibc/arm-zephyr-eabi/lib/thumb/v7e-m/nofp\libc.a(strlen.S.o)
                0x0000000000000110                strlen
 .text          0x0000000000000120      0x2a0 c:/ncs/toolchains/0b393f9e1b/opt/zephyr-sdk/arm-zephyr-eabi/bin/../lib/gcc/arm-zephyr-eabi/12.2.0/thumb/v7e-m/nofp\libgcc.a(_udivmoddi4.o)
                0x0000000000000120                __udivmoddi4
 *(SORT_BY_ALIGNMENT(.text.*))
 .text.main     0x00000000000003c0       0x34 app/libapp.a(main.c.obj)
                0x00000000000003c0                main
 .text.cbvprintf_package
                0x00000000000003f4      0x3a4 zephyr/libzephyr.a(cbprintf_packaged.c.obj)
                0x00000000000003f4                cbvprintf_package
 .text.cbprintf_package_convert
                0x0000000000000798      0x3cc zephyr/libzephyr.a(cbprintf_packaged.c.obj)
                0x0000000000000798                cbprintf_package_convert
 .text.__printk_hook_install
                0x0000000000000b64        0xc zephyr/libzephyr.a(printk.c.obj)
                0x0000000000000b64                __printk_hook_install
 .text.z_thread_entry
                0x0000000000000b70       0x34 zephyr/libzephyr.a(thread_entry.c.obj)
                0x0000000000000b70                z_thread_entry
 .text.process_event
                0x0000000000000ba4      0x21c zephyr/libzephyr.a(onoff.c.obj)
 .text.activate_foreach_backend
                0x0000000000000dc0       0x64 zephyr/libzephyr.a(log_core.c.obj)
 .text.enable_logger
                0x0000000000000e24       0x5c zephyr/libzephyr.a(log_core.c.obj)
 .text.log_process_thread_timer_expiry_fn
                0x0000000000000e80        0xc zephyr/libzephyr.a(log_core.c.obj)
 .text.z_log_init
                0x0000000000000e8c       0x90 zephyr/libzephyr.a(log_core.c.obj)
 .text.log_format_func_t_get
                0x0000000000000f1c        0xc zephyr/libzephyr.a(log_core.c.obj)
                0x0000000000000f1c                log_format_func_t_get
 .text.log_set_timestamp_func
                0x0000000000000f28       0x20 zephyr/libzephyr.a(log_core.c.obj)
                0x0000000000000f28                log_set_timestamp_func
 .text.z_log_notify_backend_enabled
                0x0000000000000f48       0x1c zephyr/libzephyr.a(log_core.c.obj)
                0x0000000000000f48                z_log_notify_backend_enabled
 .text.z_log_dropped
                0x0000000000000f64       0x44 zephyr/libzephyr.a(log_core.c.obj)
                0x0000000000000f64                z_log_dropped
 .text.z_log_dropped_read_and_clear
                0x0000000000000fa8       0x20 zephyr/libzephyr.a(log_core.c.obj)
                0x0000000000000fa8                z_log_dropped_read_and_clear
 .text.dropped_notify
                0x0000000000000fc8       0x30 zephyr/libzephyr.a(log_core.c.obj)
                0x0000000000000fc8                dropped_notify
 .text.z_log_msg_init
                0x0000000000000ff8       0x20 zephyr/libzephyr.a(log_core.c.obj)
                0x0000000000000ff8                z_log_msg_init
 .text.log_core_init
                0x0000000000001018       0x34 zephyr/libzephyr.a(log_core.c.obj)
                0x0000000000001018                log_core_init
 .text.z_log_msg_alloc
                0x000000000000104c       0x10 zephyr/libzephyr.a(log_core.c.obj)
                0x000000000000104c                z_log_msg_alloc
 .text.z_log_msg_local_claim
                0x000000000000105c        0xc zephyr/libzephyr.a(log_core.c.obj)
                0x000000000000105c                z_log_msg_local_claim
 .text.z_log_msg_free
                0x0000000000001068       0x10 zephyr/libzephyr.a(log_core.c.obj)
                0x0000000000001068                z_log_msg_free
 .text.z_log_msg_pending
                0x0000000000001078        0xc zephyr/libzephyr.a(log_core.c.obj)
                0x0000000000001078                z_log_msg_pending
 .text.z_impl_log_process
                0x0000000000001084       0xbc zephyr/libzephyr.a(log_core.c.obj)
                0x0000000000001084                z_impl_log_process
 .text.z_impl_log_panic
                0x0000000000001140       0x44 zephyr/libzephyr.a(log_core.c.obj)
                0x0000000000001140                z_impl_log_panic
 .text.log_process_thread_func
                0x0000000000001184       0xa4 zephyr/libzephyr.a(log_core.c.obj)
 .text.z_log_msg_post_finalize
                0x0000000000001228       0x78 zephyr/libzephyr.a(log_core.c.obj)
 .text.z_log_msg_commit
                0x00000000000012a0       0x24 zephyr/libzephyr.a(log_core.c.obj)
                0x00000000000012a0                z_log_msg_commit
 .text.log_source_name_get
                0x00000000000012c4       0x1c zephyr/libzephyr.a(log_mgmt.c.obj)
                0x00000000000012c4                log_source_name_get
 .text.log_backend_enable
                0x00000000000012e0       0x28 zephyr/libzephyr.a(log_mgmt.c.obj)
                0x00000000000012e0                log_backend_enable
 .text.z_impl_z_log_msg_static_create
                0x0000000000001308      0x108 zephyr/libzephyr.a(log_msg.c.obj)
                0x0000000000001308                z_impl_z_log_msg_static_create
 .text.z_log_msg_runtime_vcreate
                0x0000000000001410       0xa0 zephyr/libzephyr.a(log_msg.c.obj)
                0x0000000000001410                z_log_msg_runtime_vcreate
 .text.log_msg_get_source_id
                0x00000000000014b0       0x18 zephyr/libzephyr.a(log_msg.c.obj)
                0x00000000000014b0                log_msg_get_source_id
 .text.print_formatted
                0x00000000000014c8       0x24 zephyr/libzephyr.a(log_output.c.obj)
 .text.newline_print
                0x00000000000014ec       0x1c zephyr/libzephyr.a(log_output.c.obj)
 .text.log_output_process
                0x0000000000001508      0x2d4 zephyr/libzephyr.a(log_output.c.obj)
                0x0000000000001508                log_output_process
 .text.log_output_dropped_process
                0x00000000000017dc       0x58 zephyr/libzephyr.a(log_output.c.obj)
                0x00000000000017dc                log_output_dropped_process
 .text.log_output_timestamp_freq_set
                0x0000000000001834       0x2c zephyr/libzephyr.a(log_output.c.obj)
                0x0000000000001834                log_output_timestamp_freq_set
 .text.log_backend_rtt_init
                0x0000000000001860        0xc zephyr/libzephyr.a(log_backend_rtt.c.obj)
 .text.format_set
                0x000000000000186c        0xc zephyr/libzephyr.a(log_backend_rtt.c.obj)
 .text.dropped  0x0000000000001878        0xc zephyr/libzephyr.a(log_backend_rtt.c.obj)
 .text.process  0x0000000000001884       0x24 zephyr/libzephyr.a(log_backend_rtt.c.obj)
 .text.panic    0x00000000000018a8       0x34 zephyr/libzephyr.a(log_backend_rtt.c.obj)
 .text.on_failed_write
                0x00000000000018dc       0x28 zephyr/libzephyr.a(log_backend_rtt.c.obj)
 .text.data_out_block_mode
                0x0000000000001904       0x88 zephyr/libzephyr.a(log_backend_rtt.c.obj)
 .text.char_out
                0x000000000000198c       0x24 zephyr/libzephyr.a(log_backend_uart.c.obj)
 .text.mem_attr_get_regions
                0x00000000000019b0        0xc zephyr/libzephyr.a(mem_attr.c.obj)
                0x00000000000019b0                mem_attr_get_regions
 .text.boot_banner
                0x00000000000019bc       0x1c zephyr/libzephyr.a(banner.c.obj)
                0x00000000000019bc                boot_banner
 .text.z_arm_fatal_error
                0x00000000000019d8       0xb8 zephyr/arch/arch/arm/core/libarch__arm__core.a(fatal.c.obj)
                0x00000000000019d8                z_arm_fatal_error
 .text.z_SysNmiOnReset
                0x0000000000001a90        0x8 zephyr/arch/arch/arm/core/libarch__arm__core.a(nmi_on_reset.S.obj)
                0x0000000000001a90                z_SysNmiOnReset
 .text.arch_tls_stack_setup
                0x0000000000001a98       0x40 zephyr/arch/arch/arm/core/libarch__arm__core.a(tls.c.obj)
                0x0000000000001a98                arch_tls_stack_setup
 .text._HandlerModeExit
                0x0000000000001ad8       0x28 zephyr/arch/arch/arm/core/cortex_m/libarch__arm__core__cortex_m.a(exc_exit.c.obj)
                0x0000000000001ad8                z_arm_int_exit
                0x0000000000001ad8                z_arm_exc_exit
 .text.bus_fault.constprop.0
                0x0000000000001b00       0xd0 zephyr/arch/arch/arm/core/cortex_m/libarch__arm__core__cortex_m.a(fault.c.obj)
 .text.usage_fault.constprop.0
                0x0000000000001bd0       0xa8 zephyr/arch/arch/arm/core/cortex_m/libarch__arm__core__cortex_m.a(fault.c.obj)
 .text.mem_manage_fault
                0x0000000000001c78      0x104 zephyr/arch/arch/arm/core/cortex_m/libarch__arm__core__cortex_m.a(fault.c.obj)
 .text.z_arm_fault
                0x0000000000001d7c      0x1d4 zephyr/arch/arch/arm/core/cortex_m/libarch__arm__core__cortex_m.a(fault.c.obj)
                0x0000000000001d7c                z_arm_fault
 .text.z_arm_fault_init
                0x0000000000001f50       0x18 zephyr/arch/arch/arm/core/cortex_m/libarch__arm__core__cortex_m.a(fault.c.obj)
                0x0000000000001f50                z_arm_fault_init
 .text.__fault  0x0000000000001f68       0x14 zephyr/arch/arch/arm/core/cortex_m/libarch__arm__core__cortex_m.a(fault_s.S.obj)
                0x0000000000001f68                z_arm_usage_fault
                0x0000000000001f68                z_arm_mpu_fault
                0x0000000000001f68                z_arm_exc_spurious
                0x0000000000001f68                z_arm_debug_monitor
                0x0000000000001f68                z_arm_hard_fault
                0x0000000000001f68                z_arm_bus_fault
 .text._reset_section
                0x0000000000001f7c       0x54 zephyr/arch/arch/arm/core/cortex_m/libarch__arm__core__cortex_m.a(reset.S.obj)
                0x0000000000001f7c                __start
                0x0000000000001f7c                z_arm_reset
 .text.z_arm_clear_arm_mpu_config
                0x0000000000001fd0       0x24 zephyr/arch/arch/arm/core/cortex_m/libarch__arm__core__cortex_m.a(scb.c.obj)
                0x0000000000001fd0                z_arm_clear_arm_mpu_config
 .text.z_arm_init_arch_hw_at_boot
                0x0000000000001ff4       0x64 zephyr/arch/arch/arm/core/cortex_m/libarch__arm__core__cortex_m.a(scb.c.obj)
                0x0000000000001ff4                z_arm_init_arch_hw_at_boot
 .text.z_impl_k_thread_abort
                0x0000000000002058       0x2c zephyr/arch/arch/arm/core/cortex_m/libarch__arm__core__cortex_m.a(thread_abort.c.obj)
                0x0000000000002058                z_impl_k_thread_abort
 .text.z_arm_pendsv
                0x0000000000002084       0x64 zephyr/arch/arch/arm/core/cortex_m/libarch__arm__core__cortex_m.a(swap_helper.S.obj)
                0x0000000000002084                z_arm_pendsv
 .text.z_arm_svc
                0x00000000000020e8       0x24 zephyr/arch/arch/arm/core/cortex_m/libarch__arm__core__cortex_m.a(swap_helper.S.obj)
                0x00000000000020e8                z_arm_svc
 .text.arch_irq_enable
                0x000000000000210c       0x1c zephyr/arch/arch/arm/core/cortex_m/libarch__arm__core__cortex_m.a(irq_manage.c.obj)
                0x000000000000210c                arch_irq_enable
 .text.arch_irq_disable
                0x0000000000002128       0x28 zephyr/arch/arch/arm/core/cortex_m/libarch__arm__core__cortex_m.a(irq_manage.c.obj)
                0x0000000000002128                arch_irq_disable
 .text.arch_irq_is_enabled
                0x0000000000002150       0x1c zephyr/arch/arch/arm/core/cortex_m/libarch__arm__core__cortex_m.a(irq_manage.c.obj)
                0x0000000000002150                arch_irq_is_enabled
 .text.z_arm_irq_priority_set
                0x000000000000216c       0x30 zephyr/arch/arch/arm/core/cortex_m/libarch__arm__core__cortex_m.a(irq_manage.c.obj)
                0x000000000000216c                z_arm_irq_priority_set
 .text.z_prep_c
                0x000000000000219c       0x38 zephyr/arch/arch/arm/core/cortex_m/libarch__arm__core__cortex_m.a(prep_c.c.obj)
                0x000000000000219c                z_prep_c
 .text.arch_new_thread
                0x00000000000021d4       0x38 zephyr/arch/arch/arm/core/cortex_m/libarch__arm__core__cortex_m.a(thread.c.obj)
                0x00000000000021d4                arch_new_thread
 .text.z_check_thread_stack_fail
                0x000000000000220c       0x2c zephyr/arch/arch/arm/core/cortex_m/libarch__arm__core__cortex_m.a(thread.c.obj)
                0x000000000000220c                z_check_thread_stack_fail
 .text.arch_switch_to_main_thread
                0x0000000000002238       0x3c zephyr/arch/arch/arm/core/cortex_m/libarch__arm__core__cortex_m.a(thread.c.obj)
                0x0000000000002238                arch_switch_to_main_thread
 .text.z_arm_cpu_idle_init
                0x0000000000002274        0xc zephyr/arch/arch/arm/core/cortex_m/libarch__arm__core__cortex_m.a(cpu_idle.c.obj)
                0x0000000000002274                z_arm_cpu_idle_init
 .text.z_arm_interrupt_init
                0x0000000000002280       0x18 zephyr/arch/arch/arm/core/cortex_m/libarch__arm__core__cortex_m.a(irq_init.c.obj)
                0x0000000000002280                z_arm_interrupt_init
 .text._isr_wrapper
                0x0000000000002298       0x24 zephyr/arch/arch/arm/core/cortex_m/libarch__arm__core__cortex_m.a(isr_wrapper.c.obj)
                0x0000000000002298                _isr_wrapper
 .text.z_arm_configure_static_mpu_regions
                0x00000000000022bc       0x18 zephyr/arch/arch/arm/core/mpu/libarch__arm__core__mpu.a(arm_core_mpu.c.obj)
                0x00000000000022bc                z_arm_configure_static_mpu_regions
 .text.z_arm_configure_dynamic_mpu_regions
                0x00000000000022d4       0x20 zephyr/arch/arch/arm/core/mpu/libarch__arm__core__mpu.a(arm_core_mpu.c.obj)
                0x00000000000022d4                z_arm_configure_dynamic_mpu_regions
 .text.region_allocate_and_init
                0x00000000000022f4       0x54 zephyr/arch/arch/arm/core/mpu/libarch__arm__core__mpu.a(arm_mpu.c.obj)
 .text.mpu_configure_regions
                0x0000000000002348       0x68 zephyr/arch/arch/arm/core/mpu/libarch__arm__core__mpu.a(arm_mpu.c.obj)
 .text.arm_core_mpu_enable
                0x00000000000023b0       0x18 zephyr/arch/arch/arm/core/mpu/libarch__arm__core__mpu.a(arm_mpu.c.obj)
                0x00000000000023b0                arm_core_mpu_enable
 .text.arm_core_mpu_disable
                0x00000000000023c8       0x14 zephyr/arch/arch/arm/core/mpu/libarch__arm__core__mpu.a(arm_mpu.c.obj)
                0x00000000000023c8                arm_core_mpu_disable
 .text.arm_core_mpu_configure_static_mpu_regions
                0x00000000000023dc       0x14 zephyr/arch/arch/arm/core/mpu/libarch__arm__core__mpu.a(arm_mpu.c.obj)
                0x00000000000023dc                arm_core_mpu_configure_static_mpu_regions
 .text.arm_core_mpu_configure_dynamic_mpu_regions
                0x00000000000023f0       0x38 zephyr/arch/arch/arm/core/mpu/libarch__arm__core__mpu.a(arm_mpu.c.obj)
                0x00000000000023f0                arm_core_mpu_configure_dynamic_mpu_regions
 .text.z_arm_mpu_init
                0x0000000000002428      0x17c zephyr/arch/arch/arm/core/mpu/libarch__arm__core__mpu.a(arm_mpu.c.obj)
                0x0000000000002428                z_arm_mpu_init
 .text.cbvprintf
                0x00000000000025a4       0x38 zephyr/lib/libc/picolibc/liblib__libc__picolibc.a(cbprintf.c.obj)
                0x00000000000025a4                cbvprintf
 .text.z_impl_zephyr_fputc
                0x00000000000025dc       0x10 zephyr/lib/libc/picolibc/liblib__libc__picolibc.a(stdio.c.obj)
                0x00000000000025dc                z_impl_zephyr_fputc
 .text.__stdout_hook_install
                0x00000000000025ec       0x18 zephyr/lib/libc/picolibc/liblib__libc__picolibc.a(stdio.c.obj)
                0x00000000000025ec                __stdout_hook_install
 .text.malloc_prepare
                0x0000000000002604       0x24 zephyr/lib/libc/common/liblib__libc__common.a(malloc.c.obj)
 .text.nordicsemi_nrf52_init
                0x0000000000002628       0x18 zephyr/soc/soc/nrf52832/libsoc__nordic.a(soc.c.obj)
 .text.arch_busy_wait
                0x0000000000002640       0x14 zephyr/soc/soc/nrf52832/libsoc__nordic.a(soc.c.obj)
                0x0000000000002640                arch_busy_wait
 .text.onoff_stop
                0x0000000000002654       0x30 zephyr/drivers/clock_control/libdrivers__clock_control.a(clock_control_nrf.c.obj)
 .text.onoff_start
                0x0000000000002684       0x44 zephyr/drivers/clock_control/libdrivers__clock_control.a(clock_control_nrf.c.obj)
 .text.clk_init
                0x00000000000026c8       0x58 zephyr/drivers/clock_control/libdrivers__clock_control.a(clock_control_nrf.c.obj)
 .text.api_blocking_start
                0x0000000000002720       0x34 zephyr/drivers/clock_control/libdrivers__clock_control.a(clock_control_nrf.c.obj)
 .text.lfclk_start
                0x0000000000002754       0x24 zephyr/drivers/clock_control/libdrivers__clock_control.a(clock_control_nrf.c.obj)
 .text.generic_hfclk_stop
                0x0000000000002778       0x34 zephyr/drivers/clock_control/libdrivers__clock_control.a(clock_control_nrf.c.obj)
 .text.clkstarted_handle.constprop.0
                0x00000000000027ac       0x4c zephyr/drivers/clock_control/libdrivers__clock_control.a(clock_control_nrf.c.obj)
 .text.generic_hfclk_start
                0x00000000000027f8       0x78 zephyr/drivers/clock_control/libdrivers__clock_control.a(clock_control_nrf.c.obj)
 .text.clock_event_handler
                0x0000000000002870       0x1c zephyr/drivers/clock_control/libdrivers__clock_control.a(clock_control_nrf.c.obj)
 .text.z_nrf_clock_control_lf_on
                0x000000000000288c       0xfc zephyr/drivers/clock_control/libdrivers__clock_control.a(clock_control_nrf.c.obj)
                0x000000000000288c                z_nrf_clock_control_lf_on
 .text.uart_console_init
                0x0000000000002988       0x28 zephyr/drivers/console/libdrivers__console.a(uart_console.c.obj)
 .text.console_out
                0x00000000000029b0       0x28 zephyr/drivers/console/libdrivers__console.a(uart_console.c.obj)
 .text.gpio_nrfx_init
                0x00000000000029d8       0x48 zephyr/drivers/gpio/libdrivers__gpio.a(gpio_nrfx.c.obj)
 .text.nrfx_gpio_handler
                0x0000000000002a20       0x3c zephyr/drivers/gpio/libdrivers__gpio.a(gpio_nrfx.c.obj)
 .text.gpio_nrfx_pin_configure
                0x0000000000002a5c      0x17c zephyr/drivers/gpio/libdrivers__gpio.a(gpio_nrfx.c.obj)
 .text.gpio_nrfx_pin_interrupt_configure
                0x0000000000002bd8       0xf4 zephyr/drivers/gpio/libdrivers__gpio.a(gpio_nrfx.c.obj)
 .text.pinctrl_configure_pins
                0x0000000000002ccc      0x17c zephyr/drivers/pinctrl/libdrivers__pinctrl.a(pinctrl_nrf.c.obj)
                0x0000000000002ccc                pinctrl_configure_pins
 .text.uarte_nrfx_poll_out
                0x0000000000002e48       0xb4 zephyr/drivers/serial/libdrivers__serial.a(uart_nrfx_uarte.c.obj)
 .text.uarte_0_init
                0x0000000000002efc      0x118 zephyr/drivers/serial/libdrivers__serial.a(uart_nrfx_uarte.c.obj)
 .text.spi_nrfx_init
                0x0000000000003014      0x120 zephyr/drivers/spi/libdrivers__spi.a(spi_nrfx_spi.c.obj)
 .text.transfer_next_chunk
                0x0000000000003134       0x70 zephyr/drivers/spi/libdrivers__spi.a(spi_nrfx_spi.c.obj)
 .text.event_handler
                0x00000000000031a4       0xc0 zephyr/drivers/spi/libdrivers__spi.a(spi_nrfx_spi.c.obj)
 .text.spi_nrfx_transceive
                0x0000000000003264      0x3d0 zephyr/drivers/spi/libdrivers__spi.a(spi_nrfx_spi.c.obj)
 .text.spi_nrfx_wake_init
                0x0000000000003634       0x60 zephyr/drivers/spi/libdrivers__spi.a(spi_nrfx_common.c.obj)
                0x0000000000003634                spi_nrfx_wake_init
 .text.spi_nrfx_wake_request
                0x0000000000003694       0x84 zephyr/drivers/spi/libdrivers__spi.a(spi_nrfx_common.c.obj)
                0x0000000000003694                spi_nrfx_wake_request
 .text.compare_int_lock
                0x0000000000003718       0x48 zephyr/drivers/timer/libdrivers__timer.a(nrf_rtc_timer.c.obj)
 .text.sys_clock_timeout_handler
                0x0000000000003760       0x48 zephyr/drivers/timer/libdrivers__timer.a(nrf_rtc_timer.c.obj)
 .text.compare_int_unlock
                0x00000000000037a8       0x5c zephyr/drivers/timer/libdrivers__timer.a(nrf_rtc_timer.c.obj)
 .text.z_nrf_rtc_timer_read
                0x0000000000003804       0x44 zephyr/drivers/timer/libdrivers__timer.a(nrf_rtc_timer.c.obj)
                0x0000000000003804                z_nrf_rtc_timer_read
 .text.compare_set
                0x0000000000003848      0x130 zephyr/drivers/timer/libdrivers__timer.a(nrf_rtc_timer.c.obj)
 .text.sys_clock_driver_init
                0x0000000000003978       0x90 zephyr/drivers/timer/libdrivers__timer.a(nrf_rtc_timer.c.obj)
 .text.rtc_nrf_isr
                0x0000000000003a08       0xd4 zephyr/drivers/timer/libdrivers__timer.a(nrf_rtc_timer.c.obj)
                0x0000000000003a08                rtc_nrf_isr
 .text.sys_clock_set_timeout
                0x0000000000003adc       0x5c zephyr/drivers/timer/libdrivers__timer.a(nrf_rtc_timer.c.obj)
                0x0000000000003adc                sys_clock_set_timeout
 .text.sys_clock_elapsed
                0x0000000000003b38       0x14 zephyr/drivers/timer/libdrivers__timer.a(nrf_rtc_timer.c.obj)
                0x0000000000003b38                sys_clock_elapsed
 .text.nrf52_errata_16
                0x0000000000003b4c       0x28 modules/hal_nordic/modules/hal_nordic/nrfx/libmodules__hal_nordic__nrfx.a(system_nrf52.c.obj)
 .text.nvmc_wait
                0x0000000000003b74       0x10 modules/hal_nordic/modules/hal_nordic/nrfx/libmodules__hal_nordic__nrfx.a(system_nrf52.c.obj)
                0x0000000000003b74                nvmc_wait
 .text.SystemInit
                0x0000000000003b84      0x278 modules/hal_nordic/modules/hal_nordic/nrfx/libmodules__hal_nordic__nrfx.a(system_nrf52.c.obj)
                0x0000000000003b84                SystemInit
 .text.nrfx_flag32_alloc
                0x0000000000003dfc       0x48 modules/hal_nordic/modules/hal_nordic/nrfx/libmodules__hal_nordic__nrfx.a(nrfx_flag32_allocator.c.obj)
                0x0000000000003dfc                nrfx_flag32_alloc
 .text.nrfx_flag32_free
                0x0000000000003e44       0x40 modules/hal_nordic/modules/hal_nordic/nrfx/libmodules__hal_nordic__nrfx.a(nrfx_flag32_allocator.c.obj)
                0x0000000000003e44                nrfx_flag32_free
 .text.nrfx_gppi_channels_enable
                0x0000000000003e84        0xc modules/hal_nordic/modules/hal_nordic/nrfx/libmodules__hal_nordic__nrfx.a(nrfx_gppi_ppi.c.obj)
                0x0000000000003e84                nrfx_gppi_channels_enable
 .text.clock_stop
                0x0000000000003e90       0xc4 modules/hal_nordic/modules/hal_nordic/nrfx/libmodules__hal_nordic__nrfx.a(nrfx_clock.c.obj)
 .text.nrfx_clock_init
                0x0000000000003f54       0x20 modules/hal_nordic/modules/hal_nordic/nrfx/libmodules__hal_nordic__nrfx.a(nrfx_clock.c.obj)
                0x0000000000003f54                nrfx_clock_init
 .text.nrfx_clock_enable
                0x0000000000003f74       0x24 modules/hal_nordic/modules/hal_nordic/nrfx/libmodules__hal_nordic__nrfx.a(nrfx_clock.c.obj)
                0x0000000000003f74                nrfx_clock_enable
 .text.nrfx_clock_start
                0x0000000000003f98       0xec modules/hal_nordic/modules/hal_nordic/nrfx/libmodules__hal_nordic__nrfx.a(nrfx_clock.c.obj)
                0x0000000000003f98                nrfx_clock_start
 .text.nrfx_power_clock_irq_handler
                0x0000000000004084       0x7c modules/hal_nordic/modules/hal_nordic/nrfx/libmodules__hal_nordic__nrfx.a(nrfx_clock.c.obj)
                0x0000000000004084                nrfx_power_clock_irq_handler
 .text.call_handler.constprop.0
                0x0000000000004100       0x3c modules/hal_nordic/modules/hal_nordic/nrfx/libmodules__hal_nordic__nrfx.a(nrfx_gpiote.c.obj)
 .text.release_handler.isra.0
                0x000000000000413c       0x54 modules/hal_nordic/modules/hal_nordic/nrfx/libmodules__hal_nordic__nrfx.a(nrfx_gpiote.c.obj)
 .text.__nrfy_internal_gpiote_events_process.constprop.0
                0x0000000000004190       0x5c modules/hal_nordic/modules/hal_nordic/nrfx/libmodules__hal_nordic__nrfx.a(nrfx_gpiote.c.obj)
 .text.pin_in_event_get.isra.0
                0x00000000000041ec       0x20 modules/hal_nordic/modules/hal_nordic/nrfx/libmodules__hal_nordic__nrfx.a(nrfx_gpiote.c.obj)
 .text.pin_trigger_disable
                0x000000000000420c       0x40 modules/hal_nordic/modules/hal_nordic/nrfx/libmodules__hal_nordic__nrfx.a(nrfx_gpiote.c.obj)
 .text.pin_uninit
                0x000000000000424c       0x74 modules/hal_nordic/modules/hal_nordic/nrfx/libmodules__hal_nordic__nrfx.a(nrfx_gpiote.c.obj)
 .text.nrfx_gpiote_input_configure
                0x00000000000042c0      0x160 modules/hal_nordic/modules/hal_nordic/nrfx/libmodules__hal_nordic__nrfx.a(nrfx_gpiote.c.obj)
                0x00000000000042c0                nrfx_gpiote_input_configure
 .text.nrfx_gpiote_output_configure
                0x0000000000004420       0xec modules/hal_nordic/modules/hal_nordic/nrfx/libmodules__hal_nordic__nrfx.a(nrfx_gpiote.c.obj)
                0x0000000000004420                nrfx_gpiote_output_configure
 .text.nrfx_gpiote_global_callback_set
                0x000000000000450c        0xc modules/hal_nordic/modules/hal_nordic/nrfx/libmodules__hal_nordic__nrfx.a(nrfx_gpiote.c.obj)
                0x000000000000450c                nrfx_gpiote_global_callback_set
 .text.nrfx_gpiote_channel_get
                0x0000000000004518       0x24 modules/hal_nordic/modules/hal_nordic/nrfx/libmodules__hal_nordic__nrfx.a(nrfx_gpiote.c.obj)
                0x0000000000004518                nrfx_gpiote_channel_get
 .text.nrfx_gpiote_init
                0x000000000000453c       0x68 modules/hal_nordic/modules/hal_nordic/nrfx/libmodules__hal_nordic__nrfx.a(nrfx_gpiote.c.obj)
                0x000000000000453c                nrfx_gpiote_init
 .text.nrfx_gpiote_init_check
                0x00000000000045a4       0x14 modules/hal_nordic/modules/hal_nordic/nrfx/libmodules__hal_nordic__nrfx.a(nrfx_gpiote.c.obj)
                0x00000000000045a4                nrfx_gpiote_init_check
 .text.nrfx_gpiote_channel_free
                0x00000000000045b8        0xc modules/hal_nordic/modules/hal_nordic/nrfx/libmodules__hal_nordic__nrfx.a(nrfx_gpiote.c.obj)
                0x00000000000045b8                nrfx_gpiote_channel_free
 .text.nrfx_gpiote_channel_alloc
                0x00000000000045c4        0xc modules/hal_nordic/modules/hal_nordic/nrfx/libmodules__hal_nordic__nrfx.a(nrfx_gpiote.c.obj)
                0x00000000000045c4                nrfx_gpiote_channel_alloc
 .text.nrfx_gpiote_trigger_enable
                0x00000000000045d0       0x94 modules/hal_nordic/modules/hal_nordic/nrfx/libmodules__hal_nordic__nrfx.a(nrfx_gpiote.c.obj)
                0x00000000000045d0                nrfx_gpiote_trigger_enable
 .text.nrfx_gpiote_0_irq_handler
                0x0000000000004664      0x160 modules/hal_nordic/modules/hal_nordic/nrfx/libmodules__hal_nordic__nrfx.a(nrfx_gpiote.c.obj)
                0x0000000000004664                nrfx_gpiote_0_irq_handler
 .text.nrfx_ppi_channel_alloc
                0x00000000000047c4        0xc modules/hal_nordic/modules/hal_nordic/nrfx/libmodules__hal_nordic__nrfx.a(nrfx_ppi.c.obj)
                0x00000000000047c4                nrfx_ppi_channel_alloc
 .text.nrf_gpio_cfg_output
                0x00000000000047d0       0x2c modules/hal_nordic/modules/hal_nordic/nrfx/libmodules__hal_nordic__nrfx.a(nrfx_spi.c.obj)
 .text.spi_configure
                0x00000000000047fc      0x120 modules/hal_nordic/modules/hal_nordic/nrfx/libmodules__hal_nordic__nrfx.a(nrfx_spi.c.obj)
 .text.nrf_gpio_cfg_default
                0x000000000000491c       0x2c modules/hal_nordic/modules/hal_nordic/nrfx/libmodules__hal_nordic__nrfx.a(nrfx_spi.c.obj)
 .text.nrfx_spi_init
                0x0000000000004948       0x68 modules/hal_nordic/modules/hal_nordic/nrfx/libmodules__hal_nordic__nrfx.a(nrfx_spi.c.obj)
                0x0000000000004948                nrfx_spi_init
 .text.nrfx_spi_uninit
                0x00000000000049b0       0x70 modules/hal_nordic/modules/hal_nordic/nrfx/libmodules__hal_nordic__nrfx.a(nrfx_spi.c.obj)
                0x00000000000049b0                nrfx_spi_uninit
 .text.nrfx_spi_xfer
                0x0000000000004a20       0xfc modules/hal_nordic/modules/hal_nordic/nrfx/libmodules__hal_nordic__nrfx.a(nrfx_spi.c.obj)
                0x0000000000004a20                nrfx_spi_xfer
 .text.nrfx_spi_1_irq_handler
                0x0000000000004b1c       0x10 modules/hal_nordic/modules/hal_nordic/nrfx/libmodules__hal_nordic__nrfx.a(nrfx_spi.c.obj)
                0x0000000000004b1c                nrfx_spi_1_irq_handler
 .text.nrfx_spi_2_irq_handler
                0x0000000000004b2c       0x10 modules/hal_nordic/modules/hal_nordic/nrfx/libmodules__hal_nordic__nrfx.a(nrfx_spi.c.obj)
                0x0000000000004b2c                nrfx_spi_2_irq_handler
 .text._DoInit  0x0000000000004b3c       0x60 modules/segger/libmodules__segger.a(SEGGER_RTT.c.obj)
 .text.SEGGER_RTT_WriteSkipNoLock
                0x0000000000004b9c       0x88 modules/segger/libmodules__segger.a(SEGGER_RTT.c.obj)
                0x0000000000004b9c                SEGGER_RTT_WriteSkipNoLock
 .text.SEGGER_RTT_HasDataUp
                0x0000000000004c24       0x14 modules/segger/libmodules__segger.a(SEGGER_RTT.c.obj)
                0x0000000000004c24                SEGGER_RTT_HasDataUp
 .text.SEGGER_RTT_Init
                0x0000000000004c38       0x2c modules/segger/libmodules__segger.a(SEGGER_RTT.c.obj)
                0x0000000000004c38                SEGGER_RTT_Init
 .text.platform_st25r_protect_comm
                0x0000000000004c64       0x14 modules/zephyr-st25r/lib..__..__..__ncs-inter__l7__l7_e1_sol__app__modules__zephyr__zephyr-st25r__zephyr.a(platform.c.obj)
                0x0000000000004c64                platform_st25r_protect_comm
 .text.platform_st25r_unprotect_comm
                0x0000000000004c78        0xc modules/zephyr-st25r/lib..__..__..__ncs-inter__l7__l7_e1_sol__app__modules__zephyr__zephyr-st25r__zephyr.a(platform.c.obj)
                0x0000000000004c78                platform_st25r_unprotect_comm
 .text.st25r_init.part.0
                0x0000000000004c84       0x1c modules/zephyr-st25r/lib..__..__..__ncs-inter__l7__l7_e1_sol__app__modules__zephyr__zephyr-st25r__zephyr.a(st25r.c.obj)
 .text.st25r_init
                0x0000000000004ca0       0x40 modules/zephyr-st25r/lib..__..__..__ncs-inter__l7__l7_e1_sol__app__modules__zephyr__zephyr-st25r__zephyr.a(st25r.c.obj)
 .text.st25r_spi_init
                0x0000000000004ce0       0x40 modules/zephyr-st25r/lib..__..__..__ncs-inter__l7__l7_e1_sol__app__modules__zephyr__zephyr-st25r__zephyr.a(st25r_spi.c.obj)
                0x0000000000004ce0                st25r_spi_init
 .text.platform_st25r_spi_deselect
                0x0000000000004d20       0x14 modules/zephyr-st25r/lib..__..__..__ncs-inter__l7__l7_e1_sol__app__modules__zephyr__zephyr-st25r__zephyr.a(st25r_spi.c.obj)
                0x0000000000004d20                platform_st25r_spi_deselect
 .text.platform_st25r_spi_transceive
                0x0000000000004d34       0x4c modules/zephyr-st25r/lib..__..__..__ncs-inter__l7__l7_e1_sol__app__modules__zephyr__zephyr-st25r__zephyr.a(st25r_spi.c.obj)
                0x0000000000004d34                platform_st25r_spi_transceive
 .text.gpio_pin_interrupt_configure_dt
                0x0000000000004d80       0x40 modules/zephyr-st25r/lib..__..__..__ncs-inter__l7__l7_e1_sol__app__modules__zephyr__zephyr-st25r__zephyr.a(st25r_trigger.c.obj)
 .text.platform_st25r_int_pin
                0x0000000000004dc0        0xc modules/zephyr-st25r/lib..__..__..__ncs-inter__l7__l7_e1_sol__app__modules__zephyr__zephyr-st25r__zephyr.a(st25r_trigger.c.obj)
                0x0000000000004dc0                platform_st25r_int_pin
 .text.platform_st25r_int_port
                0x0000000000004dcc        0xc modules/zephyr-st25r/lib..__..__..__ncs-inter__l7__l7_e1_sol__app__modules__zephyr__zephyr-st25r__zephyr.a(st25r_trigger.c.obj)
                0x0000000000004dcc                platform_st25r_int_port
 .text.st25r_init_interrupt
                0x0000000000004dd8      0x104 modules/zephyr-st25r/lib..__..__..__ncs-inter__l7__l7_e1_sol__app__modules__zephyr__zephyr-st25r__zephyr.a(st25r_trigger.c.obj)
                0x0000000000004dd8                st25r_init_interrupt
 .text.st25r3916CheckForReceivedInterrupts
                0x0000000000004edc       0x6c modules/zephyr-st25r/st/st25r3916/lib..__..__..__ncs-inter__l7__l7_e1_sol__app__modules__zephyr__zephyr-st25r__zephyr__st__st25r3916.a(st25r3916_irq.c.obj)
                0x0000000000004edc                st25r3916CheckForReceivedInterrupts
 .text.st25r3916Isr
                0x0000000000004f48       0x1c modules/zephyr-st25r/st/st25r3916/lib..__..__..__ncs-inter__l7__l7_e1_sol__app__modules__zephyr__zephyr-st25r__zephyr__st__st25r3916.a(st25r3916_irq.c.obj)
                0x0000000000004f48                st25r3916Isr
 .text.k_sys_fatal_error_handler
                0x0000000000004f64       0x20 zephyr/kernel/libkernel.a(fatal.c.obj)
                0x0000000000004f64                k_sys_fatal_error_handler
 .text.z_fatal_error
                0x0000000000004f84       0xe8 zephyr/kernel/libkernel.a(fatal.c.obj)
                0x0000000000004f84                z_fatal_error
 .text.z_sys_init_run_level
                0x000000000000506c       0x2c zephyr/kernel/libkernel.a(init.c.obj)
 .text.bg_thread_main
                0x0000000000005098       0xc4 zephyr/kernel/libkernel.a(init.c.obj)
 .text.z_bss_zero
                0x000000000000515c       0x18 zephyr/kernel/libkernel.a(init.c.obj)
                0x000000000000515c                z_bss_zero
 .text.z_init_cpu
                0x0000000000005174       0x70 zephyr/kernel/libkernel.a(init.c.obj)
                0x0000000000005174                z_init_cpu
 .text.z_cstart
                0x00000000000051e4       0xe0 zephyr/kernel/libkernel.a(init.c.obj)
                0x00000000000051e4                z_cstart
 .text.z_impl_k_mutex_lock
                0x00000000000052c4       0xf0 zephyr/kernel/libkernel.a(mutex.c.obj)
                0x00000000000052c4                z_impl_k_mutex_lock
 .text.z_impl_k_mutex_unlock
                0x00000000000053b4       0xa0 zephyr/kernel/libkernel.a(mutex.c.obj)
                0x00000000000053b4                z_impl_k_mutex_unlock
 .text.z_impl_k_sem_give
                0x0000000000005454       0x68 zephyr/kernel/libkernel.a(sem.c.obj)
                0x0000000000005454                z_impl_k_sem_give
 .text.z_impl_k_sem_take
                0x00000000000054bc       0x4c zephyr/kernel/libkernel.a(sem.c.obj)
                0x00000000000054bc                z_impl_k_sem_take
 .text.z_impl_k_sem_reset
                0x0000000000005508       0x60 zephyr/kernel/libkernel.a(sem.c.obj)
                0x0000000000005508                z_impl_k_sem_reset
 .text.work_queue_main
                0x0000000000005568      0x14c zephyr/kernel/libkernel.a(work.c.obj)
 .text.submit_to_queue_locked
                0x00000000000056b4       0xb4 zephyr/kernel/libkernel.a(work.c.obj)
 .text.k_work_submit
                0x0000000000005768        0xc zephyr/kernel/libkernel.a(work.c.obj)
                0x0000000000005768                k_work_submit
 .text.k_work_queue_start
                0x0000000000005774       0x7c zephyr/kernel/libkernel.a(work.c.obj)
                0x0000000000005774                k_work_queue_start
 .text.z_setup_new_thread
                0x00000000000057f0       0x98 zephyr/kernel/libkernel.a(thread.c.obj)
                0x00000000000057f0                z_setup_new_thread
 .text.z_impl_k_thread_create
                0x0000000000005888       0x58 zephyr/kernel/libkernel.a(thread.c.obj)
                0x0000000000005888                z_impl_k_thread_create
 .text.z_swap_irqlock
                0x00000000000058e0       0x30 zephyr/kernel/libkernel.a(sched.c.obj)
 .text.ready_thread
                0x0000000000005910       0x90 zephyr/kernel/libkernel.a(sched.c.obj)
 .text.unready_thread
                0x00000000000059a0       0x54 zephyr/kernel/libkernel.a(sched.c.obj)
 .text.move_thread_to_end_of_prio_q
                0x00000000000059f4       0x90 zephyr/kernel/libkernel.a(sched.c.obj)
                0x00000000000059f4                move_thread_to_end_of_prio_q
 .text.z_pend_curr
                0x0000000000005a84       0x58 zephyr/kernel/libkernel.a(sched.c.obj)
                0x0000000000005a84                z_pend_curr
 .text.z_thread_prio_set
                0x0000000000005adc       0x9c zephyr/kernel/libkernel.a(sched.c.obj)
                0x0000000000005adc                z_thread_prio_set
 .text.z_reschedule
                0x0000000000005b78       0x24 zephyr/kernel/libkernel.a(sched.c.obj)
                0x0000000000005b78                z_reschedule
 .text.z_reschedule_irqlock
                0x0000000000005b9c       0x28 zephyr/kernel/libkernel.a(sched.c.obj)
                0x0000000000005b9c                z_reschedule_irqlock
 .text.k_sched_lock
                0x0000000000005bc4       0x28 zephyr/kernel/libkernel.a(sched.c.obj)
                0x0000000000005bc4                k_sched_lock
 .text.k_sched_unlock
                0x0000000000005bec       0x68 zephyr/kernel/libkernel.a(sched.c.obj)
                0x0000000000005bec                k_sched_unlock
 .text.z_sched_init
                0x0000000000005c54       0x10 zephyr/kernel/libkernel.a(sched.c.obj)
                0x0000000000005c54                z_sched_init
 .text.z_impl_k_yield
                0x0000000000005c64       0x88 zephyr/kernel/libkernel.a(sched.c.obj)
                0x0000000000005c64                z_impl_k_yield
 .text.z_tick_sleep
                0x0000000000005cec       0x80 zephyr/kernel/libkernel.a(sched.c.obj)
 .text.z_impl_k_wakeup
                0x0000000000005d6c       0x4c zephyr/kernel/libkernel.a(sched.c.obj)
                0x0000000000005d6c                z_impl_k_wakeup
 .text.z_impl_k_sched_current_thread_query
                0x0000000000005db8        0xc zephyr/kernel/libkernel.a(sched.c.obj)
                0x0000000000005db8                z_impl_k_sched_current_thread_query
 .text.z_thread_abort
                0x0000000000005dc4      0x110 zephyr/kernel/libkernel.a(sched.c.obj)
                0x0000000000005dc4                z_thread_abort
 .text.z_sched_wait
                0x0000000000005ed4       0x24 zephyr/kernel/libkernel.a(sched.c.obj)
                0x0000000000005ed4                z_sched_wait
 .text.slice_timeout
                0x0000000000005ef8       0x20 zephyr/kernel/libkernel.a(timeslicing.c.obj)
 .text.thread_is_sliceable
                0x0000000000005f18       0x3c zephyr/kernel/libkernel.a(timeslicing.c.obj)
                0x0000000000005f18                thread_is_sliceable
 .text.z_reset_time_slice
                0x0000000000005f54       0x50 zephyr/kernel/libkernel.a(timeslicing.c.obj)
                0x0000000000005f54                z_reset_time_slice
 .text.z_time_slice
                0x0000000000005fa4       0x60 zephyr/kernel/libkernel.a(timeslicing.c.obj)
                0x0000000000005fa4                z_time_slice
 .text.z_data_copy
                0x0000000000006004       0x38 zephyr/kernel/libkernel.a(xip.c.obj)
                0x0000000000006004                z_data_copy
 .text.first    0x000000000000603c       0x10 zephyr/kernel/libkernel.a(timeout.c.obj)
 .text.elapsed  0x000000000000604c       0x14 zephyr/kernel/libkernel.a(timeout.c.obj)
 .text.remove_timeout
                0x0000000000006060       0x38 zephyr/kernel/libkernel.a(timeout.c.obj)
 .text.z_add_timeout
                0x0000000000006098       0xec zephyr/kernel/libkernel.a(timeout.c.obj)
                0x0000000000006098                z_add_timeout
 .text.sys_clock_announce
                0x0000000000006184       0xbc zephyr/kernel/libkernel.a(timeout.c.obj)
                0x0000000000006184                sys_clock_announce
 .text.sys_clock_tick_get
                0x0000000000006240       0x30 zephyr/kernel/libkernel.a(timeout.c.obj)
                0x0000000000006240                sys_clock_tick_get
 .text.z_timer_expiration_handler
                0x0000000000006270       0xe0 zephyr/kernel/libkernel.a(timer.c.obj)
                0x0000000000006270                z_timer_expiration_handler
 .text.z_impl_k_timer_start
                0x0000000000006350       0x74 zephyr/kernel/libkernel.a(timer.c.obj)
                0x0000000000006350                z_impl_k_timer_start
 .text.k_sys_work_q_init
                0x00000000000063c4       0x34 zephyr/kernel/libkernel.a(system_work_q.c.obj)
 .text.snprintf
                0x00000000000063f8       0x58 c:\ncs\toolchains\0b393f9e1b\opt\zephyr-sdk\arm-zephyr-eabi\bin\../lib/gcc/../../picolibc/arm-zephyr-eabi/lib/thumb/v7e-m/nofp\libc.a(libc_tinystdio_snprintf.c.o)
                0x00000000000063f8                snprintf
 .text.__l_vfprintf
                0x0000000000006450      0x4b8 c:\ncs\toolchains\0b393f9e1b\opt\zephyr-sdk\arm-zephyr-eabi\bin\../lib/gcc/../../picolibc/arm-zephyr-eabi/lib/thumb/v7e-m/nofp\libc.a(libc_tinystdio_vflprintf.c.o)
                0x0000000000006450                __l_vfprintf
 .text._OffsetAbsSyms
                0x0000000000006908        0x2 zephyr/CMakeFiles/offsets.dir/./arch/arm/core/offsets/offsets.c.obj
                0x0000000000006908                _OffsetAbsSyms
 .text.chunk_field
                0x000000000000690a       0x16 zephyr/libzephyr.a(heap.c.obj)
 .text.chunk_set
                0x0000000000006920       0x16 zephyr/libzephyr.a(heap.c.obj)
 .text.chunk_size
                0x0000000000006936        0xc zephyr/libzephyr.a(heap.c.obj)
 .text.set_chunk_used
                0x0000000000006942       0x30 zephyr/libzephyr.a(heap.c.obj)
 .text.set_chunk_size
                0x0000000000006972        0x8 zephyr/libzephyr.a(heap.c.obj)
 .text.bucket_idx.isra.0
                0x000000000000697a       0x1c zephyr/libzephyr.a(heap.c.obj)
 .text.free_list_add
                0x0000000000006996       0x84 zephyr/libzephyr.a(heap.c.obj)
 .text.sys_heap_init
                0x0000000000006a1a       0xb0 zephyr/libzephyr.a(heap.c.obj)
                0x0000000000006a1a                sys_heap_init
 .text.cbpprintf_external
                0x0000000000006aca       0x62 zephyr/libzephyr.a(cbprintf_packaged.c.obj)
                0x0000000000006aca                cbpprintf_external
 .text.is_ptr   0x0000000000006b2c       0x4a zephyr/libzephyr.a(cbprintf_packaged.c.obj)
                0x0000000000006b2c                is_ptr
 .text.arch_printk_char_out
                0x0000000000006b76        0x4 zephyr/libzephyr.a(printk.c.obj)
                0x0000000000006b76                arch_printk_char_out
 .text.printk   0x0000000000006b7a       0x1a zephyr/libzephyr.a(printk.c.obj)
                0x0000000000006b7a                printk
 .text.free_space
                0x0000000000006b94       0x26 zephyr/libzephyr.a(mpsc_pbuf.c.obj)
 .text.get_usage
                0x0000000000006bba       0x22 zephyr/libzephyr.a(mpsc_pbuf.c.obj)
 .text.idx_inc  0x0000000000006bdc       0x1c zephyr/libzephyr.a(mpsc_pbuf.c.obj)
 .text.rd_idx_inc
                0x0000000000006bf8       0x18 zephyr/libzephyr.a(mpsc_pbuf.c.obj)
 .text.add_skip_item
                0x0000000000006c10       0x3a zephyr/libzephyr.a(mpsc_pbuf.c.obj)
 .text.drop_item_locked
                0x0000000000006c4a       0xee zephyr/libzephyr.a(mpsc_pbuf.c.obj)
 .text.post_drop_action
                0x0000000000006d38       0x36 zephyr/libzephyr.a(mpsc_pbuf.c.obj)
 .text.max_utilization_update
                0x0000000000006d6e       0x1a zephyr/libzephyr.a(mpsc_pbuf.c.obj)
 .text.mpsc_pbuf_init
                0x0000000000006d88       0x42 zephyr/libzephyr.a(mpsc_pbuf.c.obj)
                0x0000000000006d88                mpsc_pbuf_init
 .text.mpsc_pbuf_alloc
                0x0000000000006dca       0xfe zephyr/libzephyr.a(mpsc_pbuf.c.obj)
                0x0000000000006dca                mpsc_pbuf_alloc
 .text.mpsc_pbuf_commit
                0x0000000000006ec8       0x3e zephyr/libzephyr.a(mpsc_pbuf.c.obj)
                0x0000000000006ec8                mpsc_pbuf_commit
 .text.mpsc_pbuf_claim
                0x0000000000006f06       0xa8 zephyr/libzephyr.a(mpsc_pbuf.c.obj)
                0x0000000000006f06                mpsc_pbuf_claim
 .text.mpsc_pbuf_free
                0x0000000000006fae       0x76 zephyr/libzephyr.a(mpsc_pbuf.c.obj)
                0x0000000000006fae                mpsc_pbuf_free
 .text.mpsc_pbuf_is_pending
                0x0000000000007024       0x32 zephyr/libzephyr.a(mpsc_pbuf.c.obj)
                0x0000000000007024                mpsc_pbuf_is_pending
 .text.process_recheck
                0x0000000000007056       0x38 zephyr/libzephyr.a(onoff.c.obj)
 .text.validate_args
                0x000000000000708e       0x20 zephyr/libzephyr.a(onoff.c.obj)
 .text.notify_one
                0x00000000000070ae       0x2c zephyr/libzephyr.a(onoff.c.obj)
 .text.transition_complete
                0x00000000000070da       0x1a zephyr/libzephyr.a(onoff.c.obj)
 .text.onoff_manager_init
                0x00000000000070f4       0x26 zephyr/libzephyr.a(onoff.c.obj)
                0x00000000000070f4                onoff_manager_init
 .text.onoff_request
                0x000000000000711a       0xae zephyr/libzephyr.a(onoff.c.obj)
                0x000000000000711a                onoff_request
 .text.sys_notify_validate
                0x00000000000071c8       0x22 zephyr/libzephyr.a(notify.c.obj)
                0x00000000000071c8                sys_notify_validate
 .text.sys_notify_finalize
                0x00000000000071ea       0x1a zephyr/libzephyr.a(notify.c.obj)
                0x00000000000071ea                sys_notify_finalize
 .text._ConfigAbsSyms
                0x0000000000007204        0x2 zephyr/libzephyr.a(configs.c.obj)
                0x0000000000007204                _ConfigAbsSyms
 .text.log_msg_generic_get_wlen
                0x0000000000007206       0x20 zephyr/libzephyr.a(log_core.c.obj)
 .text.dummy_timestamp
                0x0000000000007226        0x4 zephyr/libzephyr.a(log_core.c.obj)
 .text.default_get_timestamp
                0x000000000000722a        0x4 zephyr/libzephyr.a(log_core.c.obj)
 .text.atomic_inc
                0x000000000000722e       0x1a zephyr/libzephyr.a(log_core.c.obj)
 .text.z_log_vprintk
                0x0000000000007248       0x1c zephyr/libzephyr.a(log_core.c.obj)
                0x0000000000007248                z_log_vprintk
 .text.z_log_notify_drop
                0x0000000000007264        0x6 zephyr/libzephyr.a(log_core.c.obj)
 .text.z_log_get_tag
                0x000000000000726a        0x4 zephyr/libzephyr.a(log_core.c.obj)
                0x000000000000726a                z_log_get_tag
 .text.z_cbprintf_cpy
                0x000000000000726e       0x2c zephyr/libzephyr.a(log_msg.c.obj)
 .text.z_log_msg_finalize
                0x000000000000729a       0x32 zephyr/libzephyr.a(log_msg.c.obj)
                0x000000000000729a                z_log_msg_finalize
 .text.z_log_msg_simple_create
                0x00000000000072cc       0x6e zephyr/libzephyr.a(log_msg.c.obj)
 .text.z_impl_z_log_msg_simple_create_0
                0x000000000000733a       0x12 zephyr/libzephyr.a(log_msg.c.obj)
                0x000000000000733a                z_impl_z_log_msg_simple_create_0
 .text.z_impl_z_log_msg_simple_create_1
                0x000000000000734c       0x14 zephyr/libzephyr.a(log_msg.c.obj)
                0x000000000000734c                z_impl_z_log_msg_simple_create_1
 .text.log_output_write
                0x0000000000007360       0x1c zephyr/libzephyr.a(log_output.c.obj)
 .text.log_output_flush
                0x000000000000737c       0x1a zephyr/libzephyr.a(log_output.c.obj)
 .text.out_func
                0x0000000000007396       0x36 zephyr/libzephyr.a(log_output.c.obj)
 .text.cr_out_func
                0x00000000000073cc       0x1c zephyr/libzephyr.a(log_output.c.obj)
 .text.log_output_msg_process
                0x00000000000073e8       0x6a zephyr/libzephyr.a(log_output.c.obj)
                0x00000000000073e8                log_output_msg_process
 .text.format_set
                0x0000000000007452        0xc zephyr/libzephyr.a(log_backend_uart.c.obj)
 .text.log_backend_uart_init
                0x000000000000745e        0xc zephyr/libzephyr.a(log_backend_uart.c.obj)
 .text.panic    0x000000000000746a       0x32 zephyr/libzephyr.a(log_backend_uart.c.obj)
 .text.dropped  0x000000000000749c        0xa zephyr/libzephyr.a(log_backend_uart.c.obj)
 .text.process  0x00000000000074a6       0x1e zephyr/libzephyr.a(log_backend_uart.c.obj)
 .text.z_do_kernel_oops
                0x00000000000074c4        0x8 zephyr/arch/arch/arm/core/libarch__arm__core.a(fatal.c.obj)
                0x00000000000074c4                z_do_kernel_oops
 .text.z_arm_nmi
                0x00000000000074cc        0xe zephyr/arch/arch/arm/core/libarch__arm__core.a(nmi.c.obj)
                0x00000000000074cc                z_arm_nmi
 .text.z_log_msg_simple_create_0.constprop.0
                0x00000000000074da        0x8 zephyr/arch/arch/arm/core/cortex_m/libarch__arm__core__cortex_m.a(fault.c.obj)
 .text.z_irq_spurious
                0x00000000000074e2        0x8 zephyr/arch/arch/arm/core/cortex_m/libarch__arm__core__cortex_m.a(irq_manage.c.obj)
                0x00000000000074e2                z_irq_spurious
 .text.arch_irq_unlock_outlined
                0x00000000000074ea        0xe zephyr/arch/arch/arm/core/cortex_m/libarch__arm__core__cortex_m.a(thread.c.obj)
                0x00000000000074ea                arch_irq_unlock_outlined
 .text.arch_cpu_idle
                0x00000000000074f8       0x1a zephyr/arch/arch/arm/core/cortex_m/libarch__arm__core__cortex_m.a(cpu_idle.c.obj)
                0x00000000000074f8                arch_cpu_idle
 .text.arch_cpu_atomic_idle
                0x0000000000007512       0x1e zephyr/arch/arch/arm/core/cortex_m/libarch__arm__core__cortex_m.a(cpu_idle.c.obj)
                0x0000000000007512                arch_cpu_atomic_idle
 .text.size_to_mpu_rasr_size
                0x0000000000007530       0x20 zephyr/arch/arch/arm/core/mpu/libarch__arm__core__mpu.a(arm_mpu.c.obj)
 .text.cbputc   0x0000000000007550        0xc zephyr/lib/libc/picolibc/liblib__libc__picolibc.a(cbprintf.c.obj)
 .text.picolibc_put
                0x000000000000755c        0xa zephyr/lib/libc/picolibc/liblib__libc__picolibc.a(stdio.c.obj)
 .text.get_status
                0x0000000000007566       0x12 zephyr/drivers/clock_control/libdrivers__clock_control.a(clock_control_nrf.c.obj)
 .text.stop     0x0000000000007578       0x50 zephyr/drivers/clock_control/libdrivers__clock_control.a(clock_control_nrf.c.obj)
 .text.api_stop
                0x00000000000075c8        0x6 zephyr/drivers/clock_control/libdrivers__clock_control.a(clock_control_nrf.c.obj)
 .text.async_start
                0x00000000000075ce       0x5a zephyr/drivers/clock_control/libdrivers__clock_control.a(clock_control_nrf.c.obj)
 .text.api_start
                0x0000000000007628        0xe zephyr/drivers/clock_control/libdrivers__clock_control.a(clock_control_nrf.c.obj)
 .text.onoff_started_callback
                0x0000000000007636       0x12 zephyr/drivers/clock_control/libdrivers__clock_control.a(clock_control_nrf.c.obj)
 .text.lfclk_stop
                0x0000000000007648        0x6 zephyr/drivers/clock_control/libdrivers__clock_control.a(clock_control_nrf.c.obj)
 .text.blocking_start_callback
                0x000000000000764e        0x6 zephyr/drivers/clock_control/libdrivers__clock_control.a(clock_control_nrf.c.obj)
 .text.gpio_nrfx_port_get_raw
                0x0000000000007654        0xe zephyr/drivers/gpio/libdrivers__gpio.a(gpio_nrfx.c.obj)
 .text.gpio_nrfx_port_set_masked_raw
                0x0000000000007662       0x18 zephyr/drivers/gpio/libdrivers__gpio.a(gpio_nrfx.c.obj)
 .text.gpio_nrfx_port_set_bits_raw
                0x000000000000767a        0xc zephyr/drivers/gpio/libdrivers__gpio.a(gpio_nrfx.c.obj)
 .text.gpio_nrfx_port_clear_bits_raw
                0x0000000000007686        0xc zephyr/drivers/gpio/libdrivers__gpio.a(gpio_nrfx.c.obj)
 .text.gpio_nrfx_port_toggle_bits
                0x0000000000007692       0x1a zephyr/drivers/gpio/libdrivers__gpio.a(gpio_nrfx.c.obj)
 .text.gpio_nrfx_manage_callback
                0x00000000000076ac       0x52 zephyr/drivers/gpio/libdrivers__gpio.a(gpio_nrfx.c.obj)
 .text.pinctrl_lookup_state
                0x00000000000076fe       0x26 zephyr/drivers/pinctrl/libdrivers__pinctrl.a(common.c.obj)
                0x00000000000076fe                pinctrl_lookup_state
 .text.uarte_nrfx_err_check
                0x0000000000007724        0xe zephyr/drivers/serial/libdrivers__serial.a(uart_nrfx_uarte.c.obj)
 .text.uarte_nrfx_poll_in
                0x0000000000007732       0x26 zephyr/drivers/serial/libdrivers__serial.a(uart_nrfx_uarte.c.obj)
 .text.is_tx_ready.isra.0
                0x0000000000007758       0x20 zephyr/drivers/serial/libdrivers__serial.a(uart_nrfx_uarte.c.obj)
 .text.uarte_nrfx_isr_int
                0x0000000000007778       0x42 zephyr/drivers/serial/libdrivers__serial.a(uart_nrfx_uarte.c.obj)
 .text.z_log_msg_simple_create_0
                0x00000000000077ba        0x4 zephyr/drivers/spi/libdrivers__spi.a(spi_nrfx_spi.c.obj)
 .text.irq_connect1
                0x00000000000077be        0xa zephyr/drivers/spi/libdrivers__spi.a(spi_nrfx_spi.c.obj)
 .text.irq_connect2
                0x00000000000077c8        0xa zephyr/drivers/spi/libdrivers__spi.a(spi_nrfx_spi.c.obj)
 .text.spi_context_get_next_buf.constprop.0
                0x00000000000077d2       0x26 zephyr/drivers/spi/libdrivers__spi.a(spi_nrfx_spi.c.obj)
 .text.gpio_pin_set_dt.isra.0
                0x00000000000077f8       0x28 zephyr/drivers/spi/libdrivers__spi.a(spi_nrfx_spi.c.obj)
 .text.spi_context_unlock_unconditionally
                0x0000000000007820       0x30 zephyr/drivers/spi/libdrivers__spi.a(spi_nrfx_spi.c.obj)
 .text.spi_nrfx_release
                0x0000000000007850       0x24 zephyr/drivers/spi/libdrivers__spi.a(spi_nrfx_spi.c.obj)
 .text.event_clear
                0x0000000000007874       0x18 zephyr/drivers/timer/libdrivers__timer.a(nrf_rtc_timer.c.obj)
 .text.sys_clock_cycle_get_32
                0x000000000000788c        0x8 zephyr/drivers/timer/libdrivers__timer.a(nrf_rtc_timer.c.obj)
                0x000000000000788c                sys_clock_cycle_get_32
 .text.nrf52_errata_12
                0x0000000000007894       0x1c modules/hal_nordic/modules/hal_nordic/nrfx/libmodules__hal_nordic__nrfx.a(system_nrf52.c.obj)
 .text.nrfx_isr
                0x00000000000078b0        0x2 modules/hal_nordic/modules/hal_nordic/nrfx/libmodules__hal_nordic__nrfx.a(nrfx_glue.c.obj)
                0x00000000000078b0                nrfx_isr
 .text.nrfx_busy_wait
                0x00000000000078b2        0x4 modules/hal_nordic/modules/hal_nordic/nrfx/libmodules__hal_nordic__nrfx.a(nrfx_glue.c.obj)
                0x00000000000078b2                nrfx_busy_wait
 .text.nrfx_gppi_channel_endpoints_setup
                0x00000000000078b6       0x14 modules/hal_nordic/modules/hal_nordic/nrfx/libmodules__hal_nordic__nrfx.a(nrfx_gppi_ppi.c.obj)
                0x00000000000078b6                nrfx_gppi_channel_endpoints_setup
 .text.nrfx_gppi_channel_alloc
                0x00000000000078ca        0x4 modules/hal_nordic/modules/hal_nordic/nrfx/libmodules__hal_nordic__nrfx.a(nrfx_gppi_ppi.c.obj)
                0x00000000000078ca                nrfx_gppi_channel_alloc
 .text.nrfx_clock_stop
                0x00000000000078ce        0x4 modules/hal_nordic/modules/hal_nordic/nrfx/libmodules__hal_nordic__nrfx.a(nrfx_clock.c.obj)
                0x00000000000078ce                nrfx_clock_stop
 .text.nrf_gpio_pin_port_decode
                0x00000000000078d2       0x14 modules/hal_nordic/modules/hal_nordic/nrfx/libmodules__hal_nordic__nrfx.a(nrfx_gpiote.c.obj)
 .text.nrf_gpio_reconfigure
                0x00000000000078e6       0x92 modules/hal_nordic/modules/hal_nordic/nrfx/libmodules__hal_nordic__nrfx.a(nrfx_gpiote.c.obj)
 .text.nrf_gpio_cfg_sense_set
                0x0000000000007978       0x1e modules/hal_nordic/modules/hal_nordic/nrfx/libmodules__hal_nordic__nrfx.a(nrfx_gpiote.c.obj)
 .text.latch_pending_read_and_check
                0x0000000000007996       0x1c modules/hal_nordic/modules/hal_nordic/nrfx/libmodules__hal_nordic__nrfx.a(nrfx_gpiote.c.obj)
 .text.nrfx_gpiote_pin_uninit
                0x00000000000079b2        0x4 modules/hal_nordic/modules/hal_nordic/nrfx/libmodules__hal_nordic__nrfx.a(nrfx_gpiote.c.obj)
                0x00000000000079b2                nrfx_gpiote_pin_uninit
 .text.nrfx_gpiote_trigger_disable
                0x00000000000079b6        0x4 modules/hal_nordic/modules/hal_nordic/nrfx/libmodules__hal_nordic__nrfx.a(nrfx_gpiote.c.obj)
                0x00000000000079b6                nrfx_gpiote_trigger_disable
 .text.nrfx_gpiote_in_event_get
                0x00000000000079ba        0x6 modules/hal_nordic/modules/hal_nordic/nrfx/libmodules__hal_nordic__nrfx.a(nrfx_gpiote.c.obj)
                0x00000000000079ba                nrfx_gpiote_in_event_get
 .text.nrf_gpio_pin_port_decode
                0x00000000000079c0       0x14 modules/hal_nordic/modules/hal_nordic/nrfx/libmodules__hal_nordic__nrfx.a(nrfx_spi.c.obj)
 .text.nrf_gpio_pin_set
                0x00000000000079d4       0x1a modules/hal_nordic/modules/hal_nordic/nrfx/libmodules__hal_nordic__nrfx.a(nrfx_spi.c.obj)
 .text.nrf_gpio_pin_clear
                0x00000000000079ee       0x1a modules/hal_nordic/modules/hal_nordic/nrfx/libmodules__hal_nordic__nrfx.a(nrfx_spi.c.obj)
 .text.transfer_byte
                0x0000000000007a08       0x66 modules/hal_nordic/modules/hal_nordic/nrfx/libmodules__hal_nordic__nrfx.a(nrfx_spi.c.obj)
 .text.irq_handler
                0x0000000000007a6e       0x34 modules/hal_nordic/modules/hal_nordic/nrfx/libmodules__hal_nordic__nrfx.a(nrfx_spi.c.obj)
 .text.rtt_init
                0x0000000000007aa2        0xa modules/segger/libmodules__segger.a(SEGGER_RTT_zephyr.c.obj)
 .text.zephyr_rtt_irq_lock
                0x0000000000007aac       0x10 modules/segger/libmodules__segger.a(SEGGER_RTT_zephyr.c.obj)
                0x0000000000007aac                zephyr_rtt_irq_lock
 .text.zephyr_rtt_irq_unlock
                0x0000000000007abc        0xa modules/segger/libmodules__segger.a(SEGGER_RTT_zephyr.c.obj)
                0x0000000000007abc                zephyr_rtt_irq_unlock
 .text.platform_st25r_spi_select
                0x0000000000007ac6        0x2 modules/zephyr-st25r/lib..__..__..__ncs-inter__l7__l7_e1_sol__app__modules__zephyr__zephyr-st25r__zephyr.a(st25r_spi.c.obj)
                0x0000000000007ac6                platform_st25r_spi_select
 .text.st25r_gpio_callback
                0x0000000000007ac8       0x2a modules/zephyr-st25r/lib..__..__..__ncs-inter__l7__l7_e1_sol__app__modules__zephyr__zephyr-st25r__zephyr.a(st25r_trigger.c.obj)
 .text.st25r_work_cb
                0x0000000000007af2       0x1c modules/zephyr-st25r/lib..__..__..__ncs-inter__l7__l7_e1_sol__app__modules__zephyr__zephyr-st25r__zephyr.a(st25r_trigger.c.obj)
 .text.st25r3916comStart
                0x0000000000007b0e        0xe modules/zephyr-st25r/st/st25r3916/lib..__..__..__ncs-inter__l7__l7_e1_sol__app__modules__zephyr__zephyr-st25r__zephyr__st__st25r3916.a(st25r3916_com.c.obj)
 .text.st25r3916comStop
                0x0000000000007b1c        0xe modules/zephyr-st25r/st/st25r3916/lib..__..__..__ncs-inter__l7__l7_e1_sol__app__modules__zephyr__zephyr-st25r__zephyr__st__st25r3916.a(st25r3916_com.c.obj)
 .text.st25r3916comTx.part.0
                0x0000000000007b2a        0x8 modules/zephyr-st25r/st/st25r3916/lib..__..__..__ncs-inter__l7__l7_e1_sol__app__modules__zephyr__zephyr-st25r__zephyr__st__st25r3916.a(st25r3916_com.c.obj)
 .text.st25r3916comRx.part.0
                0x0000000000007b32       0x1e modules/zephyr-st25r/st/st25r3916/lib..__..__..__ncs-inter__l7__l7_e1_sol__app__modules__zephyr__zephyr-st25r__zephyr__st__st25r3916.a(st25r3916_com.c.obj)
 .text.st25r3916ReadMultipleRegisters.part.0
                0x0000000000007b50       0x44 modules/zephyr-st25r/st/st25r3916/lib..__..__..__ncs-inter__l7__l7_e1_sol__app__modules__zephyr__zephyr-st25r__zephyr__st__st25r3916.a(st25r3916_com.c.obj)
 .text.st25r3916ReadMultipleRegisters
                0x0000000000007b94        0xc modules/zephyr-st25r/st/st25r3916/lib..__..__..__ncs-inter__l7__l7_e1_sol__app__modules__zephyr__zephyr-st25r__zephyr__st__st25r3916.a(st25r3916_com.c.obj)
                0x0000000000007b94                st25r3916ReadMultipleRegisters
 .text.st25r3916ledEvtIrq
                0x0000000000007ba0        0x2 modules/zephyr-st25r/st/st25r3916/lib..__..__..__ncs-inter__l7__l7_e1_sol__app__modules__zephyr__zephyr-st25r__zephyr__st__st25r3916.a(st25r3916_led.c.obj)
                0x0000000000007ba0                st25r3916ledEvtIrq
 .text.z_impl_k_busy_wait
                0x0000000000007ba2        0x8 zephyr/kernel/libkernel.a(busy_wait.c.obj)
                0x0000000000007ba2                z_impl_k_busy_wait
 .text.z_device_state_init
                0x0000000000007baa        0x2 zephyr/kernel/libkernel.a(device.c.obj)
                0x0000000000007baa                z_device_state_init
 .text.z_impl_device_is_ready
                0x0000000000007bac       0x16 zephyr/kernel/libkernel.a(device.c.obj)
                0x0000000000007bac                z_impl_device_is_ready
 .text.arch_system_halt
                0x0000000000007bc2       0x10 zephyr/kernel/libkernel.a(fatal.c.obj)
                0x0000000000007bc2                arch_system_halt
 .text.do_device_init
                0x0000000000007bd2       0x30 zephyr/kernel/libkernel.a(init.c.obj)
 .text.z_early_memset
                0x0000000000007c02        0x4 zephyr/kernel/libkernel.a(init.c.obj)
                0x0000000000007c02                z_early_memset
 .text.z_early_memcpy
                0x0000000000007c06        0x4 zephyr/kernel/libkernel.a(init.c.obj)
                0x0000000000007c06                z_early_memcpy
 .text.z_init_static
                0x0000000000007c0a        0x2 zephyr/kernel/libkernel.a(init_static.c.obj)
                0x0000000000007c0a                z_init_static
 .text.idle     0x0000000000007c0c       0x16 zephyr/kernel/libkernel.a(idle.c.obj)
                0x0000000000007c0c                idle
 .text.adjust_owner_prio.isra.0
                0x0000000000007c22       0x10 zephyr/kernel/libkernel.a(mutex.c.obj)
 .text.z_impl_k_sem_init
                0x0000000000007c32       0x18 zephyr/kernel/libkernel.a(sem.c.obj)
                0x0000000000007c32                z_impl_k_sem_init
 .text.flag_test_and_clear
                0x0000000000007c4a       0x16 zephyr/kernel/libkernel.a(work.c.obj)
 .text.notify_queue_locked.isra.0
                0x0000000000007c60        0xe zephyr/kernel/libkernel.a(work.c.obj)
 .text.z_work_submit_to_queue
                0x0000000000007c6e       0x26 zephyr/kernel/libkernel.a(work.c.obj)
                0x0000000000007c6e                z_work_submit_to_queue
 .text.k_work_submit_to_queue
                0x0000000000007c94       0x20 zephyr/kernel/libkernel.a(work.c.obj)
                0x0000000000007c94                k_work_submit_to_queue
 .text.k_is_in_isr
                0x0000000000007cb4        0xc zephyr/kernel/libkernel.a(thread.c.obj)
                0x0000000000007cb4                k_is_in_isr
 .text.z_impl_k_thread_name_set
                0x0000000000007cc0        0x6 zephyr/kernel/libkernel.a(thread.c.obj)
                0x0000000000007cc0                z_impl_k_thread_name_set
 .text.k_thread_name_get
                0x0000000000007cc6        0x4 zephyr/kernel/libkernel.a(thread.c.obj)
                0x0000000000007cc6                k_thread_name_get
 .text.sys_dlist_remove
                0x0000000000007cca       0x10 zephyr/kernel/libkernel.a(sched.c.obj)
 .text.unpend_thread_no_timeout
                0x0000000000007cda       0x14 zephyr/kernel/libkernel.a(sched.c.obj)
 .text.add_to_waitq_locked
                0x0000000000007cee       0x50 zephyr/kernel/libkernel.a(sched.c.obj)
 .text.z_ready_thread
                0x0000000000007d3e       0x1e zephyr/kernel/libkernel.a(sched.c.obj)
                0x0000000000007d3e                z_ready_thread
 .text.z_unpend_thread_no_timeout
                0x0000000000007d5c       0x22 zephyr/kernel/libkernel.a(sched.c.obj)
                0x0000000000007d5c                z_unpend_thread_no_timeout
 .text.z_sched_wake_thread
                0x0000000000007d7e       0x3a zephyr/kernel/libkernel.a(sched.c.obj)
                0x0000000000007d7e                z_sched_wake_thread
 .text.z_thread_timeout
                0x0000000000007db8        0x8 zephyr/kernel/libkernel.a(sched.c.obj)
                0x0000000000007db8                z_thread_timeout
 .text.z_unpend1_no_timeout
                0x0000000000007dc0       0x2c zephyr/kernel/libkernel.a(sched.c.obj)
                0x0000000000007dc0                z_unpend1_no_timeout
 .text.z_impl_k_sleep
                0x0000000000007dec       0x32 zephyr/kernel/libkernel.a(sched.c.obj)
                0x0000000000007dec                z_impl_k_sleep
 .text.z_sched_wake
                0x0000000000007e1e       0x44 zephyr/kernel/libkernel.a(sched.c.obj)
                0x0000000000007e1e                z_sched_wake
 .text.next_timeout
                0x0000000000007e62       0x32 zephyr/kernel/libkernel.a(timeout.c.obj)
 .text.z_abort_timeout
                0x0000000000007e94       0x42 zephyr/kernel/libkernel.a(timeout.c.obj)
                0x0000000000007e94                z_abort_timeout
 .text.sys_clock_tick_get_32
                0x0000000000007ed6        0x8 zephyr/kernel/libkernel.a(timeout.c.obj)
                0x0000000000007ed6                sys_clock_tick_get_32
 .text.z_impl_k_uptime_ticks
                0x0000000000007ede        0x4 zephyr/kernel/libkernel.a(timeout.c.obj)
                0x0000000000007ede                z_impl_k_uptime_ticks
 .text.k_timer_init
                0x0000000000007ee2       0x18 zephyr/kernel/libkernel.a(timer.c.obj)
                0x0000000000007ee2                k_timer_init
 .text.z_impl_k_timer_stop
                0x0000000000007efa       0x38 zephyr/kernel/libkernel.a(timer.c.obj)
                0x0000000000007efa                z_impl_k_timer_stop
 .text.memcpy   0x0000000000007f32       0x1c c:\ncs\toolchains\0b393f9e1b\opt\zephyr-sdk\arm-zephyr-eabi\bin\../lib/gcc/../../picolibc/arm-zephyr-eabi/lib/thumb/v7e-m/nofp\libc.a(memcpy.c.o)
                0x0000000000007f32                __aeabi_memcpy
                0x0000000000007f32                __aeabi_memcpy4
                0x0000000000007f32                __aeabi_memcpy8
                0x0000000000007f32                memcpy
 .text.memset   0x0000000000007f4e       0x10 c:\ncs\toolchains\0b393f9e1b\opt\zephyr-sdk\arm-zephyr-eabi\bin\../lib/gcc/../../picolibc/arm-zephyr-eabi/lib/thumb/v7e-m/nofp\libc.a(memset.c.o)
                0x0000000000007f4e                memset
 .text.strnlen  0x0000000000007f5e       0x18 c:\ncs\toolchains\0b393f9e1b\opt\zephyr-sdk\arm-zephyr-eabi\bin\../lib/gcc/../../picolibc/arm-zephyr-eabi/lib/thumb/v7e-m/nofp\libc.a(libc_string_strnlen.c.o)
                0x0000000000007f5e                strnlen
 .text.__ultoa_invert
                0x0000000000007f76       0xae c:\ncs\toolchains\0b393f9e1b\opt\zephyr-sdk\arm-zephyr-eabi\bin\../lib/gcc/../../picolibc/arm-zephyr-eabi/lib/thumb/v7e-m/nofp\libc.a(libc_tinystdio_vflprintf.c.o)
 .text.__file_str_put
                0x0000000000008024       0x10 c:\ncs\toolchains\0b393f9e1b\opt\zephyr-sdk\arm-zephyr-eabi\bin\../lib/gcc/../../picolibc/arm-zephyr-eabi/lib/thumb/v7e-m/nofp\libc.a(libc_tinystdio_filestrput.c.o)
                0x0000000000008024                __file_str_put
 *(SORT_BY_ALIGNMENT(.TEXT.*))
 .TEXT.__aeabi_read_tp
                0x0000000000008034        0xc zephyr/arch/arch/arm/core/cortex_m/libarch__arm__core__cortex_m.a(__aeabi_read_tp.S.obj)
                0x0000000000008034                __aeabi_read_tp
 *(SORT_BY_ALIGNMENT(.gnu.linkonce.t.*))
 *(SORT_BY_ALIGNMENT(.glue_7t))
 .glue_7t       0x0000000000008040        0x0 linker stubs
 *(SORT_BY_ALIGNMENT(.glue_7))
 .glue_7        0x0000000000008040        0x0 linker stubs
 *(SORT_BY_ALIGNMENT(.vfp11_veneer))
 .vfp11_veneer  0x0000000000008040        0x0 linker stubs
 *(SORT_BY_ALIGNMENT(.v4_bx))
 .v4_bx         0x0000000000008040        0x0 linker stubs
                0x0000000000008040                . = ALIGN (0x4)
                0x0000000000008040                __text_region_end = .

.ARM.exidx      0x0000000000008040        0x8
                0x0000000000008040                __exidx_start = .
 *(SORT_BY_ALIGNMENT(.ARM.exidx*) SORT_BY_ALIGNMENT(gnu.linkonce.armexidx.*))
 .ARM.exidx     0x0000000000008040        0x8 c:\ncs\toolchains\0b393f9e1b\opt\zephyr-sdk\arm-zephyr-eabi\bin\../lib/gcc/../../picolibc/arm-zephyr-eabi/lib/thumb/v7e-m/nofp\libc.a(strlen.S.o)
 .ARM.exidx     0x0000000000008048        0x0 c:/ncs/toolchains/0b393f9e1b/opt/zephyr-sdk/arm-zephyr-eabi/bin/../lib/gcc/arm-zephyr-eabi/12.2.0/thumb/v7e-m/nofp\libgcc.a(_udivmoddi4.o)
                                          0x8 (size before relaxing)
                0x0000000000008048                __exidx_end = .
                0x0000000000008048                __rodata_region_start = .

initlevel       0x0000000000008048       0x68
                0x0000000000008048                __init_start = .
                0x0000000000008048                __init_EARLY_start = .
 *(SORT_BY_NAME(SORT_BY_ALIGNMENT(.z_init_EARLY?_*)))
 *(SORT_BY_NAME(SORT_BY_ALIGNMENT(.z_init_EARLY??_*)))
                0x0000000000008048                __init_PRE_KERNEL_1_start = .
 *(SORT_BY_NAME(SORT_BY_ALIGNMENT(.z_init_PRE_KERNEL_1?_*)))
 .z_init_PRE_KERNEL_10_0_
                0x0000000000008048        0x8 zephyr/soc/soc/nrf52832/libsoc__nordic.a(soc.c.obj)
 *(SORT_BY_NAME(SORT_BY_ALIGNMENT(.z_init_PRE_KERNEL_1??_*)))
 .z_init_PRE_KERNEL_130_00060_
                0x0000000000008050        0x8 zephyr/drivers/clock_control/libdrivers__clock_control.a(clock_control_nrf.c.obj)
 .z_init_PRE_KERNEL_130_0_
                0x0000000000008058        0x8 modules/segger/libmodules__segger.a(SEGGER_RTT_zephyr.c.obj)
 .z_init_PRE_KERNEL_140_00011_
                0x0000000000008060        0x8 zephyr/drivers/gpio/libdrivers__gpio.a(gpio_nrfx.c.obj)
 .z_init_PRE_KERNEL_150_00093_
                0x0000000000008068        0x8 zephyr/drivers/serial/libdrivers__serial.a(uart_nrfx_uarte.c.obj)
 .z_init_PRE_KERNEL_160_0_
                0x0000000000008070        0x8 zephyr/drivers/console/libdrivers__console.a(uart_console.c.obj)
                0x0000000000008078                __init_PRE_KERNEL_2_start = .
 *(SORT_BY_NAME(SORT_BY_ALIGNMENT(.z_init_PRE_KERNEL_2?_*)))
 .z_init_PRE_KERNEL_20_0_
                0x0000000000008078        0x8 zephyr/drivers/timer/libdrivers__timer.a(nrf_rtc_timer.c.obj)
 *(SORT_BY_NAME(SORT_BY_ALIGNMENT(.z_init_PRE_KERNEL_2??_*)))
                0x0000000000008080                __init_POST_KERNEL_start = .
 *(SORT_BY_NAME(SORT_BY_ALIGNMENT(.z_init_POST_KERNEL?_*)))
 .z_init_POST_KERNEL0_0_
                0x0000000000008080        0x8 zephyr/libzephyr.a(log_core.c.obj)
 *(SORT_BY_NAME(SORT_BY_ALIGNMENT(.z_init_POST_KERNEL??_*)))
 .z_init_POST_KERNEL35_0_
                0x0000000000008088        0x8 zephyr/lib/libc/common/liblib__libc__common.a(malloc.c.obj)
 .z_init_POST_KERNEL40_0_
                0x0000000000008090        0x8 zephyr/kernel/libkernel.a(system_work_q.c.obj)
 .z_init_POST_KERNEL50_00086_
                0x0000000000008098        0x8 zephyr/drivers/spi/libdrivers__spi.a(spi_nrfx_spi.c.obj)
 .z_init_POST_KERNEL50_00110_
                0x00000000000080a0        0x8 zephyr/drivers/spi/libdrivers__spi.a(spi_nrfx_spi.c.obj)
 .z_init_POST_KERNEL90_00111_
                0x00000000000080a8        0x8 modules/zephyr-st25r/lib..__..__..__ncs-inter__l7__l7_e1_sol__app__modules__zephyr__zephyr-st25r__zephyr.a(st25r.c.obj)
                0x00000000000080b0                __init_APPLICATION_start = .
 *(SORT_BY_NAME(SORT_BY_ALIGNMENT(.z_init_APPLICATION?_*)))
 *(SORT_BY_NAME(SORT_BY_ALIGNMENT(.z_init_APPLICATION??_*)))
                0x00000000000080b0                __init_SMP_start = .
 *(SORT_BY_NAME(SORT_BY_ALIGNMENT(.z_init_SMP?_*)))
 *(SORT_BY_NAME(SORT_BY_ALIGNMENT(.z_init_SMP??_*)))
                0x00000000000080b0                __init_end = .
                0x00000000000080b0                __deferred_init_list_start = .
 *(SORT_BY_ALIGNMENT(.z_deferred_init*))
                0x00000000000080b0                __deferred_init_list_end = .

device_area     0x00000000000080b0       0x78
                0x00000000000080b0                _device_list_start = .
 *(SORT_BY_NAME(SORT_BY_ALIGNMENT(._device.static.*_?_*)))
 *(SORT_BY_NAME(SORT_BY_ALIGNMENT(._device.static.*_??_*)))
 ._device.static.1_30_
                0x00000000000080b0       0x14 zephyr/drivers/clock_control/libdrivers__clock_control.a(clock_control_nrf.c.obj)
                0x00000000000080b0                __device_dts_ord_60
 ._device.static.1_40_
                0x00000000000080c4       0x14 zephyr/drivers/gpio/libdrivers__gpio.a(gpio_nrfx.c.obj)
                0x00000000000080c4                __device_dts_ord_11
 ._device.static.1_50_
                0x00000000000080d8       0x14 zephyr/drivers/serial/libdrivers__serial.a(uart_nrfx_uarte.c.obj)
                0x00000000000080d8                __device_dts_ord_93
 ._device.static.3_50_
                0x00000000000080ec       0x28 zephyr/drivers/spi/libdrivers__spi.a(spi_nrfx_spi.c.obj)
                0x00000000000080ec                __device_dts_ord_86
                0x0000000000008100                __device_dts_ord_110
 ._device.static.3_90_
                0x0000000000008114       0x14 modules/zephyr-st25r/lib..__..__..__ncs-inter__l7__l7_e1_sol__app__modules__zephyr__zephyr-st25r__zephyr.a(st25r.c.obj)
                0x0000000000008114                __device_dts_ord_111
                0x0000000000008128                _device_list_end = .

sw_isr_table    0x0000000000008128      0x138
                0x0000000000008128                . = ALIGN (0x4)
 *(SORT_BY_ALIGNMENT(.gnu.linkonce.sw_isr_table*))
 .gnu.linkonce.sw_isr_table
                0x0000000000008128      0x138 zephyr/CMakeFiles/zephyr_final.dir/isr_tables.c.obj
                0x0000000000008128                _sw_isr_table

initlevel_error
                0x0000000000008048        0x0
 *(SORT_BY_NAME(SORT_BY_ALIGNMENT(.z_init_[_A-Z0-9]*)))
                0x0000000000000001                ASSERT ((SIZEOF (initlevel_error) == 0x0), Undefined initialization levels used.)

app_shmem_regions
                0x0000000000008260        0x0
                0x0000000000008260                __app_shmem_regions_start = .
 *(SORT_BY_NAME(SORT_BY_ALIGNMENT(.app_regions.*)))
                0x0000000000008260                __app_shmem_regions_end = .

k_p4wq_initparam_area
                0x0000000000008260        0x0
                0x0000000000008260                _k_p4wq_initparam_list_start = .
 *(SORT_BY_NAME(SORT_BY_ALIGNMENT(._k_p4wq_initparam.static.*)))
                0x0000000000008260                _k_p4wq_initparam_list_end = .

_static_thread_data_area
                0x0000000000008260        0x0
                0x0000000000008260                __static_thread_data_list_start = .
 *(SORT_BY_NAME(SORT_BY_ALIGNMENT(.__static_thread_data.static.*)))
                0x0000000000008260                __static_thread_data_list_end = .

device_deps     0x0000000000008260        0x0
                0x0000000000008260                __device_deps_start = .
 *(SORT_BY_NAME(SORT_BY_ALIGNMENT(.__device_deps_pass2*)))
                0x0000000000008260                __device_deps_end = .

gpio_driver_api_area
                0x0000000000008260       0x24
                0x0000000000008260                _gpio_driver_api_list_start = .
 *(SORT_BY_NAME(SORT_BY_ALIGNMENT(._gpio_driver_api.static.*)))
 ._gpio_driver_api.static.gpio_nrfx_drv_api_funcs_
                0x0000000000008260       0x24 zephyr/drivers/gpio/libdrivers__gpio.a(gpio_nrfx.c.obj)
                0x0000000000008284                _gpio_driver_api_list_end = .

spi_driver_api_area
                0x0000000000008284        0x8
                0x0000000000008284                _spi_driver_api_list_start = .
 *(SORT_BY_NAME(SORT_BY_ALIGNMENT(._spi_driver_api.static.*)))
 ._spi_driver_api.static.spi_nrfx_driver_api_
                0x0000000000008284        0x8 zephyr/drivers/spi/libdrivers__spi.a(spi_nrfx_spi.c.obj)
                0x000000000000828c                _spi_driver_api_list_end = .

shared_irq_driver_api_area
                0x000000000000828c        0x0
                0x000000000000828c                _shared_irq_driver_api_list_start = .
 *(SORT_BY_NAME(SORT_BY_ALIGNMENT(._shared_irq_driver_api.static.*)))
                0x000000000000828c                _shared_irq_driver_api_list_end = .

crypto_driver_api_area
                0x000000000000828c        0x0
                0x000000000000828c                _crypto_driver_api_list_start = .
 *(SORT_BY_NAME(SORT_BY_ALIGNMENT(._crypto_driver_api.static.*)))
                0x000000000000828c                _crypto_driver_api_list_end = .

adc_driver_api_area
                0x000000000000828c        0x0
                0x000000000000828c                _adc_driver_api_list_start = .
 *(SORT_BY_NAME(SORT_BY_ALIGNMENT(._adc_driver_api.static.*)))
                0x000000000000828c                _adc_driver_api_list_end = .

auxdisplay_driver_api_area
                0x000000000000828c        0x0
                0x000000000000828c                _auxdisplay_driver_api_list_start = .
 *(SORT_BY_NAME(SORT_BY_ALIGNMENT(._auxdisplay_driver_api.static.*)))
                0x000000000000828c                _auxdisplay_driver_api_list_end = .

bbram_driver_api_area
                0x000000000000828c        0x0
                0x000000000000828c                _bbram_driver_api_list_start = .
 *(SORT_BY_NAME(SORT_BY_ALIGNMENT(._bbram_driver_api.static.*)))
                0x000000000000828c                _bbram_driver_api_list_end = .

bt_hci_driver_api_area
                0x000000000000828c        0x0
                0x000000000000828c                _bt_hci_driver_api_list_start = .
 *(SORT_BY_NAME(SORT_BY_ALIGNMENT(._bt_hci_driver_api.static.*)))
                0x000000000000828c                _bt_hci_driver_api_list_end = .

can_driver_api_area
                0x000000000000828c        0x0
                0x000000000000828c                _can_driver_api_list_start = .
 *(SORT_BY_NAME(SORT_BY_ALIGNMENT(._can_driver_api.static.*)))
                0x000000000000828c                _can_driver_api_list_end = .

cellular_driver_api_area
                0x000000000000828c        0x0
                0x000000000000828c                _cellular_driver_api_list_start = .
 *(SORT_BY_NAME(SORT_BY_ALIGNMENT(._cellular_driver_api.static.*)))
                0x000000000000828c                _cellular_driver_api_list_end = .

charger_driver_api_area
                0x000000000000828c        0x0
                0x000000000000828c                _charger_driver_api_list_start = .
 *(SORT_BY_NAME(SORT_BY_ALIGNMENT(._charger_driver_api.static.*)))
                0x000000000000828c                _charger_driver_api_list_end = .

clock_control_driver_api_area
                0x000000000000828c       0x1c
                0x000000000000828c                _clock_control_driver_api_list_start = .
 *(SORT_BY_NAME(SORT_BY_ALIGNMENT(._clock_control_driver_api.static.*)))
 ._clock_control_driver_api.static.clock_control_api_
                0x000000000000828c       0x1c zephyr/drivers/clock_control/libdrivers__clock_control.a(clock_control_nrf.c.obj)
                0x00000000000082a8                _clock_control_driver_api_list_end = .

comparator_driver_api_area
                0x00000000000082a8        0x0
                0x00000000000082a8                _comparator_driver_api_list_start = .
 *(SORT_BY_NAME(SORT_BY_ALIGNMENT(._comparator_driver_api.static.*)))
                0x00000000000082a8                _comparator_driver_api_list_end = .

coredump_driver_api_area
                0x00000000000082a8        0x0
                0x00000000000082a8                _coredump_driver_api_list_start = .
 *(SORT_BY_NAME(SORT_BY_ALIGNMENT(._coredump_driver_api.static.*)))
                0x00000000000082a8                _coredump_driver_api_list_end = .

counter_driver_api_area
                0x00000000000082a8        0x0
                0x00000000000082a8                _counter_driver_api_list_start = .
 *(SORT_BY_NAME(SORT_BY_ALIGNMENT(._counter_driver_api.static.*)))
                0x00000000000082a8                _counter_driver_api_list_end = .

dac_driver_api_area
                0x00000000000082a8        0x0
                0x00000000000082a8                _dac_driver_api_list_start = .
 *(SORT_BY_NAME(SORT_BY_ALIGNMENT(._dac_driver_api.static.*)))
                0x00000000000082a8                _dac_driver_api_list_end = .

dai_driver_api_area
                0x00000000000082a8        0x0
                0x00000000000082a8                _dai_driver_api_list_start = .
 *(SORT_BY_NAME(SORT_BY_ALIGNMENT(._dai_driver_api.static.*)))
                0x00000000000082a8                _dai_driver_api_list_end = .

display_driver_api_area
                0x00000000000082a8        0x0
                0x00000000000082a8                _display_driver_api_list_start = .
 *(SORT_BY_NAME(SORT_BY_ALIGNMENT(._display_driver_api.static.*)))
                0x00000000000082a8                _display_driver_api_list_end = .

dma_driver_api_area
                0x00000000000082a8        0x0
                0x00000000000082a8                _dma_driver_api_list_start = .
 *(SORT_BY_NAME(SORT_BY_ALIGNMENT(._dma_driver_api.static.*)))
                0x00000000000082a8                _dma_driver_api_list_end = .

edac_driver_api_area
                0x00000000000082a8        0x0
                0x00000000000082a8                _edac_driver_api_list_start = .
 *(SORT_BY_NAME(SORT_BY_ALIGNMENT(._edac_driver_api.static.*)))
                0x00000000000082a8                _edac_driver_api_list_end = .

eeprom_driver_api_area
                0x00000000000082a8        0x0
                0x00000000000082a8                _eeprom_driver_api_list_start = .
 *(SORT_BY_NAME(SORT_BY_ALIGNMENT(._eeprom_driver_api.static.*)))
                0x00000000000082a8                _eeprom_driver_api_list_end = .

emul_bbram_driver_api_area
                0x00000000000082a8        0x0
                0x00000000000082a8                _emul_bbram_driver_api_list_start = .
 *(SORT_BY_NAME(SORT_BY_ALIGNMENT(._emul_bbram_driver_api.static.*)))
                0x00000000000082a8                _emul_bbram_driver_api_list_end = .

fuel_gauge_emul_driver_api_area
                0x00000000000082a8        0x0
                0x00000000000082a8                _fuel_gauge_emul_driver_api_list_start = .
 *(SORT_BY_NAME(SORT_BY_ALIGNMENT(._fuel_gauge_emul_driver_api.static.*)))
                0x00000000000082a8                _fuel_gauge_emul_driver_api_list_end = .

emul_sensor_driver_api_area
                0x00000000000082a8        0x0
                0x00000000000082a8                _emul_sensor_driver_api_list_start = .
 *(SORT_BY_NAME(SORT_BY_ALIGNMENT(._emul_sensor_driver_api.static.*)))
                0x00000000000082a8                _emul_sensor_driver_api_list_end = .

entropy_driver_api_area
                0x00000000000082a8        0x0
                0x00000000000082a8                _entropy_driver_api_list_start = .
 *(SORT_BY_NAME(SORT_BY_ALIGNMENT(._entropy_driver_api.static.*)))
                0x00000000000082a8                _entropy_driver_api_list_end = .

espi_driver_api_area
                0x00000000000082a8        0x0
                0x00000000000082a8                _espi_driver_api_list_start = .
 *(SORT_BY_NAME(SORT_BY_ALIGNMENT(._espi_driver_api.static.*)))
                0x00000000000082a8                _espi_driver_api_list_end = .

espi_saf_driver_api_area
                0x00000000000082a8        0x0
                0x00000000000082a8                _espi_saf_driver_api_list_start = .
 *(SORT_BY_NAME(SORT_BY_ALIGNMENT(._espi_saf_driver_api.static.*)))
                0x00000000000082a8                _espi_saf_driver_api_list_end = .

flash_driver_api_area
                0x00000000000082a8        0x0
                0x00000000000082a8                _flash_driver_api_list_start = .
 *(SORT_BY_NAME(SORT_BY_ALIGNMENT(._flash_driver_api.static.*)))
                0x00000000000082a8                _flash_driver_api_list_end = .

fpga_driver_api_area
                0x00000000000082a8        0x0
                0x00000000000082a8                _fpga_driver_api_list_start = .
 *(SORT_BY_NAME(SORT_BY_ALIGNMENT(._fpga_driver_api.static.*)))
                0x00000000000082a8                _fpga_driver_api_list_end = .

fuel_gauge_driver_api_area
                0x00000000000082a8        0x0
                0x00000000000082a8                _fuel_gauge_driver_api_list_start = .
 *(SORT_BY_NAME(SORT_BY_ALIGNMENT(._fuel_gauge_driver_api.static.*)))
                0x00000000000082a8                _fuel_gauge_driver_api_list_end = .

gnss_driver_api_area
                0x00000000000082a8        0x0
                0x00000000000082a8                _gnss_driver_api_list_start = .
 *(SORT_BY_NAME(SORT_BY_ALIGNMENT(._gnss_driver_api.static.*)))
                0x00000000000082a8                _gnss_driver_api_list_end = .

haptics_driver_api_area
                0x00000000000082a8        0x0
                0x00000000000082a8                _haptics_driver_api_list_start = .
 *(SORT_BY_NAME(SORT_BY_ALIGNMENT(._haptics_driver_api.static.*)))
                0x00000000000082a8                _haptics_driver_api_list_end = .

hwspinlock_driver_api_area
                0x00000000000082a8        0x0
                0x00000000000082a8                _hwspinlock_driver_api_list_start = .
 *(SORT_BY_NAME(SORT_BY_ALIGNMENT(._hwspinlock_driver_api.static.*)))
                0x00000000000082a8                _hwspinlock_driver_api_list_end = .

i2c_driver_api_area
                0x00000000000082a8        0x0
                0x00000000000082a8                _i2c_driver_api_list_start = .
 *(SORT_BY_NAME(SORT_BY_ALIGNMENT(._i2c_driver_api.static.*)))
                0x00000000000082a8                _i2c_driver_api_list_end = .

i2c_target_driver_api_area
                0x00000000000082a8        0x0
                0x00000000000082a8                _i2c_target_driver_api_list_start = .
 *(SORT_BY_NAME(SORT_BY_ALIGNMENT(._i2c_target_driver_api.static.*)))
                0x00000000000082a8                _i2c_target_driver_api_list_end = .

i2s_driver_api_area
                0x00000000000082a8        0x0
                0x00000000000082a8                _i2s_driver_api_list_start = .
 *(SORT_BY_NAME(SORT_BY_ALIGNMENT(._i2s_driver_api.static.*)))
                0x00000000000082a8                _i2s_driver_api_list_end = .

i3c_driver_api_area
                0x00000000000082a8        0x0
                0x00000000000082a8                _i3c_driver_api_list_start = .
 *(SORT_BY_NAME(SORT_BY_ALIGNMENT(._i3c_driver_api.static.*)))
                0x00000000000082a8                _i3c_driver_api_list_end = .

ipm_driver_api_area
                0x00000000000082a8        0x0
                0x00000000000082a8                _ipm_driver_api_list_start = .
 *(SORT_BY_NAME(SORT_BY_ALIGNMENT(._ipm_driver_api.static.*)))
                0x00000000000082a8                _ipm_driver_api_list_end = .

kscan_driver_api_area
                0x00000000000082a8        0x0
                0x00000000000082a8                _kscan_driver_api_list_start = .
 *(SORT_BY_NAME(SORT_BY_ALIGNMENT(._kscan_driver_api.static.*)))
                0x00000000000082a8                _kscan_driver_api_list_end = .
